INFO: Invocation ID: 77480c71-a54c-4c14-946c-229527196390
INFO: Streaming build results to: https://heir.buildbuddy.io/invocation/77480c71-a54c-4c14-946c-229527196390
Computing main repo mapping:
Loading:
Loading: 0 packages loaded
Analyzing: 2 targets (0 packages loaded, 0 targets configured)
Analyzing: 2 targets (0 packages loaded, 0 targets configured)

DEBUG: /local/scratch/a/paranjav/.cache/bazel/_bazel_paranjav/f7dbb49b215a4afd20f9b4ab1801bd06/external/rules_swift+/swift/internal/swift_autoconfiguration.bzl:211:14: No 'swiftc' executable found in $PATH. Not auto-generating a Linux Swift toolchain.
INFO: Analyzed 2 targets (2 packages loaded, 81 targets configured).
[14,854 / 14,875] Compiling lib/Target/TfheRustBool/TfheRustBoolEmitter.cpp; 1s remote-cache, linux-sandbox ... (20 actions running)
[14,857 / 14,875] Compiling lib/Target/TfheRustBool/TfheRustBoolEmitter.cpp; 3s remote-cache, linux-sandbox ... (17 actions running)
[14,862 / 14,875] Compiling lib/Target/TfheRustBool/TfheRustBoolEmitter.cpp; 4s remote-cache, linux-sandbox ... (12 actions running)
[14,866 / 14,875] Compiling lib/Target/TfheRustBool/TfheRustBoolEmitter.cpp; 6s remote-cache, linux-sandbox ... (8 actions running)
[14,872 / 14,875] Compiling lib/Target/OpenFhePke/OpenFhePkeEmitter.cpp; 8s remote-cache, linux-sandbox ... (2 actions running)
INFO: Found 2 targets...
INFO: Elapsed time: 11.807s, Critical Path: 10.66s
INFO: 36 processes: 1076 action cache hit, 16 internal, 20 linux-sandbox.
INFO: Build completed successfully, 36 total actions
INFO:
INFO: Streaming build results to: https://heir.buildbuddy.io/invocation/77480c71-a54c-4c14-946c-229527196390
=== HEIR pipeline ===
  suite:       conv
  kernel:      conv_6
  input:       /local/scratch/a/paranjav/biscotti/heir/biscotti-bench/benchmarks/conv/src/conv_6.mlir
  build dir:   /local/scratch/a/paranjav/biscotti/heir/biscotti-bench/benchmarks/conv/build/conv_6
  output dir:  /local/scratch/a/paranjav/biscotti/heir/biscotti-bench/benchmarks/conv/output/conv_6
  heir root:   /local/scratch/a/paranjav/biscotti/heir
  coyote:      /local/scratch/a/paranjav/biscotti/heir/lib/Transforms/CoyoteVectorizer/coyote  (biscotti)
  ct_degree:   auto-detect (from post-recursed MLIR)
  recursive-call-vectorization: node-size-threshold=100

  log:         /local/scratch/a/paranjav/biscotti/heir/biscotti-bench/benchmarks/conv/build/conv_6/build.log
  timing:      /local/scratch/a/paranjav/biscotti/heir/biscotti-bench/benchmarks/conv/build/conv_6/compile-timing.txt

=== Step 0: heir-opt --recursive-call-vectorization + strip scaffold ===
=== Step 0b: strip biscotti scaffold ===
=== Auto-detected ciphertext-degree=512 from conv_6-recursed.mlir ===
=== Step 1: heir-opt (--mlir-to-bfv, --scheme-to-openfhe) ===
=== Step 2: heir-translate --emit-openfhe-pke → kernel.cpp ===
=== Step 3: heir-translate --emit-openfhe-pke-header → kernel.h ===
=== Step 4: heir-translate --emit-openfhe-pke-harness → benchmark.cpp ===

=== Done ===
  /local/scratch/a/paranjav/biscotti/heir/biscotti-bench/benchmarks/conv/build/conv_6/conv_6-recursed.mlir
  /local/scratch/a/paranjav/biscotti/heir/biscotti-bench/benchmarks/conv/build/conv_6/conv_6-openfhe.mlir
  /local/scratch/a/paranjav/biscotti/heir/biscotti-bench/benchmarks/conv/output/conv_6/kernel.cpp
  /local/scratch/a/paranjav/biscotti/heir/biscotti-bench/benchmarks/conv/output/conv_6/kernel.h
  /local/scratch/a/paranjav/biscotti/heir/biscotti-bench/benchmarks/conv/output/conv_6/benchmark.cpp
  /local/scratch/a/paranjav/biscotti/heir/biscotti-bench/benchmarks/conv/build/conv_6/build.log
  /local/scratch/a/paranjav/biscotti/heir/biscotti-bench/benchmarks/conv/build/conv_6/compile-timing.txt
=== HEIR pipeline ===
  suite:       conv
  kernel:      conv_6
  input:       /local/scratch/a/paranjav/biscotti/heir/biscotti-bench/benchmarks/conv/src/conv_6.mlir
  build dir:   /local/scratch/a/paranjav/biscotti/heir/biscotti-bench/benchmarks/conv/build/conv_6_baseline
  output dir:  /local/scratch/a/paranjav/biscotti/heir/biscotti-bench/benchmarks/conv/output/conv_6_baseline
  heir root:   /local/scratch/a/paranjav/biscotti/heir
  coyote:      /local/scratch/a/paranjav/biscotti/heir/lib/Transforms/CoyoteVectorizer/coyote  (biscotti)
  ct_degree:   auto-detect (from post-recursed MLIR)
  recursive-call-vectorization: node-size-threshold=-1

  log:         /local/scratch/a/paranjav/biscotti/heir/biscotti-bench/benchmarks/conv/build/conv_6_baseline/build.log
  timing:      /local/scratch/a/paranjav/biscotti/heir/biscotti-bench/benchmarks/conv/build/conv_6_baseline/compile-timing.txt

=== Step 0: heir-opt --recursive-call-vectorization + strip scaffold ===
Terminated
error: step failed; tail of log:
  [Python]   %241 = arg0:15 ~ arg0:15
  [Python]   %242 = arg0:16 ~ arg0:16
  [Python]   %243 = arg0:16 ~ arg0:16
  [Python]   %244 = arg0:16 ~ arg0:16
  [Python]   %245 = arg0:17 ~ arg0:17
  [Python]   %246 = arg0:21 ~ arg0:21
  [Python]   %247 = arg0:22 ~ arg0:22
  [Python]   %248 = arg0:13 ~ arg0:13
  [Python]   %249 = arg0:14 ~ arg0:14
  [Python]   %250 = arg0:18 ~ arg0:18
  [Python]   %251 = arg0:19 ~ arg0:19
  [Python]   %252 = arg0:19 ~ arg0:19
  [Python]   %253 = arg0:19 ~ arg0:19
  [Python]   %254 = arg0:20 ~ arg0:20
  [Python]   %255 = arg0:20 ~ arg0:20
  [Python]   %256 = arg0:20 ~ arg0:20
  [Python]   %257 = arg0:21 ~ arg0:21
  [Python]   %258 = arg0:24 ~ arg0:24
  [Python]   %259 = arg0:25 ~ arg0:25
  [Python]   %260 = arg0:25 ~ arg0:25
  [Python]   %261 = arg0:25 ~ arg0:25
  [Python]   %262 = arg0:26 ~ arg0:26
  [Python]   %263 = arg0:26 ~ arg0:26
  [Python]   %264 = arg0:26 ~ arg0:26
  [Python]   %265 = arg0:27 ~ arg0:27
  [Python]   %266 = arg0:31 ~ arg0:31
  [Python]   %267 = arg0:32 ~ arg0:32
  [Python]   %268 = arg0:15 ~ arg0:15
  [Python]   %269 = arg0:16 ~ arg0:16
  [Python]   %270 = arg0:20 ~ arg0:20
  [Python]   %271 = arg0:21 ~ arg0:21
  [Python]   %272 = arg0:21 ~ arg0:21
  [Python]   %273 = arg0:21 ~ arg0:21
  [Python]   %274 = arg0:22 ~ arg0:22
  [Python]   %275 = arg0:22 ~ arg0:22
  [Python]   %276 = arg0:22 ~ arg0:22
  [Python]   %277 = arg0:23 ~ arg0:23
  [Python]   %278 = arg0:26 ~ arg0:26
  [Python]   %279 = arg0:27 ~ arg0:27
  [Python]   %280 = arg0:27 ~ arg0:27
  [Python]   %281 = arg0:27 ~ arg0:27
  [Python]   %282 = arg0:28 ~ arg0:28
  [Python]   %283 = arg0:28 ~ arg0:28
  [Python]   %284 = arg0:28 ~ arg0:28
  [Python]   %285 = arg0:29 ~ arg0:29
  [Python]   %286 = arg0:33 ~ arg0:33
  [Python]   %287 = arg0:34 ~ arg0:34
  [Python]   %288 = %0 * %64
  [Python]   %289 = %208 * %65
  [Python]   %290 = %209 * %66
  [Python]   %291 = %210 * %67
  [Python]   %292 = %213 * %68
  [Python]   %293 = %216 * %69
  [Python]   %294 = %218 * %70
  [Python]   %295 = %221 * %71
  [Python]   %296 = %224 * %72
  [Python]   %297 = %288 + %289
  [Python]   %298 = %290 + %291
  [Python]   %299 = %292 + %293
  [Python]   %300 = %294 + %295
