INFO: Invocation ID: 0ff2e6af-425c-4948-8ab6-6c795ee86c5a
INFO: Streaming build results to: https://heir.buildbuddy.io/invocation/0ff2e6af-425c-4948-8ab6-6c795ee86c5a
Computing main repo mapping:
Loading:
Loading: 0 packages loaded
Analyzing: 2 targets (1 packages loaded, 0 targets configured)
Analyzing: 2 targets (1 packages loaded, 0 targets configured)

Analyzing: 2 targets (795 packages loaded, 40791 targets configured)

INFO: Analyzed 2 targets (795 packages loaded, 44975 targets configured).
[592 / 2,579] Compiling absl/base/internal/raw_logging.cc; 0s remote-cache ... (16 actions, 0 running)
[4,505 / 14,522] Compiling llvm/lib/Demangle/Demangle.cpp [for tool]; 0s remote-cache ... (13 actions, 0 running)
[4,724 / 14,581] Compiling llvm/lib/Demangle/ItaniumDemangle.cpp; 1s remote-cache, linux-sandbox ... (16 actions, 8 running)
[4,792 / 14,581] Compiling llvm/lib/Demangle/ItaniumDemangle.cpp; 2s remote-cache, linux-sandbox ... (16 actions, 8 running)
[4,893 / 14,581] Compiling llvm/lib/HTTP/HTTPClient.cpp; 1s remote-cache, linux-sandbox ... (16 actions, 7 running)
[5,013 / 14,581] Compiling llvm/utils/TableGen/Basic/ARMTargetDefEmitter.cpp [for tool]; 1s remote-cache, linux-sandbox ... (16 actions, 11 running)
[5,050 / 14,581] Compiling llvm/lib/HTTP/HTTPServer.cpp; 1s remote-cache, linux-sandbox ... (16 actions, 12 running)
[5,075 / 14,581] Compiling llvm/lib/Bitstream/Reader/BitstreamReader.cpp; 1s remote-cache, linux-sandbox ... (16 actions, 13 running)
[5,147 / 14,581] Compiling llvm/lib/TableGen/TableGenBackend.cpp [for tool]; 1s remote-cache, linux-sandbox ... (16 actions, 11 running)
[5,201 / 14,581] Compiling llvm/lib/TableGen/JSONBackend.cpp [for tool]; 1s remote-cache, linux-sandbox ... (16 actions, 9 running)
[5,328 / 14,581] Compiling llvm/utils/TableGen/Basic/CodeGenIntrinsics.cpp [for tool]; 2s remote-cache, linux-sandbox ... (16 actions, 10 running)
[5,356 / 14,581] Compiling llvm/lib/Remarks/BitstreamRemarkSerializer.cpp; 1s remote-cache, linux-sandbox ... (16 actions, 12 running)
[5,381 / 14,581] Compiling mlir/lib/Support/Timing.cpp; 2s remote-cache, linux-sandbox ... (16 actions, 11 running)
[5,420 / 14,581] Compiling llvm/utils/TableGen/Basic/DirectiveEmitter.cpp [for tool]; 2s remote-cache, linux-sandbox ... (16 actions, 12 running)
[5,449 / 14,581] Compiling llvm/lib/Remarks/BitstreamRemarkParser.cpp; 2s remote-cache, linux-sandbox ... (16 actions, 11 running)
[5,485 / 14,581] Compiling llvm/lib/TableGen/Record.cpp [for tool]; 3s remote-cache, linux-sandbox ... (16 actions, 13 running)
[5,522 / 14,581] Compiling llvm/lib/TableGen/Record.cpp [for tool]; 4s remote-cache, linux-sandbox ... (16 actions, 11 running)
[5,548 / 14,581] Compiling llvm/utils/TableGen/Basic/IntrinsicEmitter.cpp [for tool]; 3s remote-cache, linux-sandbox ... (16 actions, 11 running)
[5,582 / 14,581] Compiling llvm/lib/Support/APInt.cpp [for tool]; 2s remote-cache, linux-sandbox ... (16 actions, 13 running)
[5,608 / 14,581] Compiling llvm/lib/Support/APFloat.cpp [for tool]; 1s remote-cache, linux-sandbox ... (16 actions, 14 running)
[5,630 / 14,581] Compiling llvm/lib/Support/APFloat.cpp [for tool]; 2s remote-cache, linux-sandbox ... (16 actions, 14 running)
[5,655 / 14,581] Compiling llvm/lib/Support/APFloat.cpp [for tool]; 3s remote-cache, linux-sandbox ... (16 actions, 11 running)
[5,676 / 14,581] Compiling llvm/lib/Support/APFloat.cpp [for tool]; 5s remote-cache, linux-sandbox ... (16 actions, 13 running)
[5,710 / 14,581] Compiling llvm/utils/TableGen/Basic/RuntimeLibcallsEmitter.cpp [for tool]; 1s remote-cache, linux-sandbox ... (16 actions, 12 running)
[5,748 / 14,581] Compiling llvm/lib/Support/VirtualFileSystem.cpp; 1s remote-cache, linux-sandbox ... (16 actions, 8 running)
[5,780 / 14,581] Compiling llvm/lib/Support/VirtualFileSystem.cpp; 2s remote-cache, linux-sandbox ... (16 actions, 13 running)
[5,818 / 14,581] Compiling llvm/lib/Support/VirtualFileSystem.cpp; 3s remote-cache, linux-sandbox ... (16 actions, 11 running)
[5,858 / 14,581] Compiling llvm/lib/Support/Timer.cpp; 2s remote-cache, linux-sandbox ... (16 actions, 11 running)
[5,899 / 14,581] Compiling llvm/lib/Support/ThreadPool.cpp; 2s remote-cache, linux-sandbox ... (16 actions, 11 running)
[5,939 / 14,581] Compiling llvm/lib/Support/CommandLine.cpp [for tool]; 2s remote-cache, linux-sandbox ... (16 actions, 8 running)
[5,980 / 14,581] Compiling llvm/lib/Support/VirtualFileSystem.cpp [for tool]; 1s remote-cache, linux-sandbox ... (16 actions, 12 running)
[6,026 / 14,581] Compiling llvm/lib/Support/VirtualFileSystem.cpp [for tool]; 2s remote-cache, linux-sandbox ... (16 actions, 10 running)
[6,063 / 14,581] Compiling llvm/lib/Support/SpecialCaseList.cpp; 2s remote-cache, linux-sandbox ... (16 actions, 11 running)
[6,103 / 14,581] Compiling llvm/lib/Support/Mustache.cpp; 2s remote-cache, linux-sandbox ... (16 actions, 11 running)
[6,146 / 14,581] Compiling llvm/lib/Support/APInt.cpp; 1s remote-cache, linux-sandbox ... (16 actions, 10 running)
[6,183 / 14,581] Compiling llvm/lib/Support/APInt.cpp; 2s remote-cache, linux-sandbox ... (16 actions, 11 running)
[6,221 / 14,581] Compiling llvm/lib/Support/BalancedPartitioning.cpp; 2s remote-cache, linux-sandbox ... (16 actions, 11 running)
[6,258 / 14,581] Compiling llvm/lib/Support/APFloat.cpp; 1s remote-cache, linux-sandbox ... (16 actions, 12 running)
[6,293 / 14,581] Compiling llvm/lib/Support/APFloat.cpp; 2s remote-cache, linux-sandbox ... (16 actions, 11 running)
[6,328 / 14,581] Compiling llvm/lib/Support/APFloat.cpp; 3s remote-cache, linux-sandbox ... (16 actions, 12 running)
[6,367 / 14,581] Compiling llvm/lib/Support/APFloat.cpp; 4s remote-cache, linux-sandbox ... (16 actions, 11 running)
[6,405 / 14,581] Compiling llvm/lib/Support/CodeGenCoverage.cpp; 1s remote-cache, linux-sandbox ... (16 actions, 11 running)
[6,440 / 14,581] Compiling llvm/lib/Support/CommandLine.cpp; 2s remote-cache, linux-sandbox ... (16 actions, 10 running)
[6,478 / 14,581] Compiling llvm/lib/Support/CommandLine.cpp; 3s remote-cache, linux-sandbox ... (16 actions, 12 running)
[6,519 / 14,581] Compiling llvm/lib/Support/Timer.cpp [for tool]; 1s remote-cache, linux-sandbox ... (16 actions, 9 running)
[6,558 / 14,581] Compiling llvm/lib/Support/LSP/Transport.cpp; 1s remote-cache, linux-sandbox ... (16 actions, 10 running)
[6,598 / 14,581] Compiling llvm/lib/Support/Error.cpp; 1s remote-cache, linux-sandbox ... (16 actions, 10 running)
[6,636 / 14,581] Compiling llvm/lib/Support/FileCollector.cpp; 1s remote-cache, linux-sandbox ... (16 actions, 10 running)
[6,675 / 14,581] Compiling llvm/lib/Support/FileOutputBuffer.cpp; 1s remote-cache, linux-sandbox ... (16 actions, 12 running)
[6,716 / 14,581] Compiling llvm/lib/Support/GraphWriter.cpp; 1s remote-cache, linux-sandbox ... (16 actions, 12 running)
[6,757 / 14,581] Compiling llvm/lib/Support/GlobPattern.cpp; 1s remote-cache, linux-sandbox ... (16 actions, 9 running)
[6,811 / 14,581] Compiling llvm/lib/Support/IntegerInclusiveInterval.cpp; 1s remote-cache, linux-sandbox ... (16 actions, 10 running)
[6,857 / 14,581] Compiling llvm/lib/Support/LSP/Protocol.cpp; 1s remote-cache, linux-sandbox ... (16 actions, 8 running)
[6,945 / 14,581] Compiling llvm/lib/Support/LSP/Protocol.cpp; 2s remote-cache, linux-sandbox ... (16 actions, 6 running)
[7,030 / 14,581] Compiling llvm/lib/Support/SpecialCaseList.cpp [for tool]; 1s remote-cache, linux-sandbox ... (16 actions, 5 running)
[7,114 / 14,581] Compiling llvm/lib/Support/SpecialCaseList.cpp [for tool]; 2s remote-cache, linux-sandbox ... (16 actions, 3 running)
[7,253 / 14,581] Compiling absl/crc/internal/crc_non_temporal_memcpy.cc; 0s remote-cache ... (14 actions, 0 running)
[7,378 / 14,581] Compiling llvm/lib/TargetParser/XtensaTargetParser.cpp [for tool]; 0s remote-cache, linux-sandbox ... (16 actions, 1 running)
[7,482 / 14,581] Compiling llvm/lib/TargetParser/X86TargetParser.cpp [for tool]; 0s remote-cache, linux-sandbox ... (16 actions, 1 running)
[7,584 / 14,581] Compiling llvm/lib/TargetParser/Triple.cpp [for tool]; 0s remote-cache, linux-sandbox ... (14 actions, 1 running)
[7,682 / 14,581] Compiling llvm/lib/TargetParser/Triple.cpp [for tool]; 1s remote-cache, linux-sandbox ... (16 actions, 1 running)
[7,786 / 14,581] Compiling llvm/lib/TargetParser/TargetParser.cpp [for tool]; 0s remote-cache, linux-sandbox ... (16 actions, 1 running)
[7,893 / 14,581] Compiling llvm/lib/TargetParser/TargetDataLayout.cpp [for tool]; 0s remote-cache, linux-sandbox ... (16 actions, 1 running)
[8,000 / 14,581] Compiling frontends/blif/blifparse.cc; 0s remote-cache ... (16 actions, 1 running)
[8,109 / 14,581] Compiling passes/cmds/viz.cc; 0s remote-cache ... (16 actions, 0 running)
[8,228 / 14,581] Compiling llvm/lib/TargetParser/RISCVTargetParser.cpp [for tool]; 0s remote-cache, linux-sandbox ... (16 actions, 2 running)
[8,314 / 14,581] Compiling llvm/lib/TargetParser/Triple.cpp; 1s remote-cache, linux-sandbox ... (16 actions, 3 running)
[8,398 / 14,581] Compiling llvm/lib/TargetParser/RISCVISAInfo.cpp [for tool]; 1s remote-cache, linux-sandbox ... (16 actions, 3 running)
[8,483 / 14,581] Compiling llvm/utils/TableGen/Basic/VTEmitter.cpp [for tool]; 1s remote-cache, linux-sandbox ... (16 actions, 1 running)
[8,572 / 14,581] Compiling llvm/lib/TargetParser/XtensaTargetParser.cpp; 0s remote-cache, linux-sandbox ... (16 actions, 3 running)
[8,665 / 14,581] Compiling llvm/utils/TableGen/Basic/TargetLibraryInfoEmitter.cpp [for tool]; 1s remote-cache, linux-sandbox ... (16 actions, 4 running)
[8,756 / 14,581] Compiling llvm/lib/TargetParser/AArch64TargetParser.cpp; 1s remote-cache, linux-sandbox ... (16 actions, 4 running)
[8,845 / 14,581] Compiling llvm/utils/TableGen/CTagsEmitter.cpp [for tool]; 1s remote-cache, linux-sandbox ... (16 actions, 4 running)
[8,941 / 14,581] Compiling llvm/lib/TargetParser/LoongArchTargetParser.cpp; 0s remote-cache, linux-sandbox ... (16 actions, 3 running)
[9,034 / 14,581] Compiling llvm/lib/TargetParser/AVRTargetParser.cpp; 1s remote-cache, linux-sandbox ... (16 actions, 2 running)
[9,122 / 14,581] Compiling llvm/lib/TargetParser/Host.cpp; 1s remote-cache, linux-sandbox ... (16 actions, 4 running)
[9,221 / 14,581] Compiling llvm/lib/TargetParser/SubtargetFeature.cpp; 0s remote-cache, linux-sandbox ... (15 actions, 4 running)
[9,296 / 14,581] Compiling llvm/utils/TableGen/CallingConvEmitter.cpp [for tool]; 1s remote-cache, linux-sandbox ... (14 actions, 3 running)
[9,377 / 14,581] Compiling llvm/utils/TableGen/CallingConvEmitter.cpp [for tool]; 2s remote-cache, linux-sandbox ... (16 actions, 5 running)
[9,464 / 14,581] Compiling llvm/lib/TargetParser/RISCVISAInfo.cpp; 2s remote-cache, linux-sandbox ... (16 actions, 3 running)
[9,552 / 14,581] Compiling llvm/utils/TableGen/Basic/SDNodeProperties.cpp [for tool]; 0s remote-cache, linux-sandbox ... (16 actions, 4 running)
[9,648 / 14,581] Compiling mlir/lib/Tools/mlir-tblgen/MlirTblgenMain.cpp [for tool]; 1s remote-cache, linux-sandbox ... (16 actions, 3 running)
[9,737 / 14,581] Compiling mlir/lib/TableGen/Trait.cpp [for tool]; 1s remote-cache, linux-sandbox ... (16 actions, 4 running)
[9,817 / 14,581] Compiling llvm/utils/TableGen/CodeEmitterGen.cpp [for tool]; 2s remote-cache, linux-sandbox ... (15 actions, 4 running)
[9,895 / 14,581] Compiling mlir/tools/mlir-tblgen/TosaUtilsGen.cpp [for tool]; 1s remote-cache, linux-sandbox ... (15 actions, 4 running)
[9,976 / 14,581] Compiling llvm/utils/TableGen/Basic/RuntimeLibcallsEmitter.cpp [for tool]; 1s remote-cache, linux-sandbox ... (16 actions, 4 running)
[10,056 / 14,581] Compiling mlir/lib/TableGen/Builder.cpp [for tool]; 1s remote-cache, linux-sandbox ... (16 actions, 4 running)
[10,142 / 14,581] Compiling mlir/tools/mlir-tblgen/SPIRVUtilsGen.cpp [for tool]; 2s remote-cache, linux-sandbox ... (16 actions, 4 running)
[10,225 / 14,581] Compiling mlir/tools/mlir-tblgen/SPIRVUtilsGen.cpp [for tool]; 3s remote-cache, linux-sandbox ... (16 actions, 4 running)
[10,315 / 14,581] Compiling mlir/lib/TableGen/Pattern.cpp [for tool]; 0s remote-cache, linux-sandbox ... (16 actions, 4 running)
[10,400 / 14,581] Compiling mlir/lib/TableGen/Pattern.cpp [for tool]; 1s remote-cache, linux-sandbox ... (16 actions, 4 running)
[10,484 / 14,581] Compiling mlir/tools/mlir-tblgen/RewriterGen.cpp [for tool]; 2s remote-cache, linux-sandbox ... (16 actions, 4 running)
[10,573 / 14,581] Compiling mlir/tools/mlir-tblgen/RewriterGen.cpp [for tool]; 3s remote-cache, linux-sandbox ... (16 actions, 4 running)
[10,667 / 14,581] Compiling llvm/utils/TableGen/Basic/RISCVTargetDefEmitter.cpp [for tool]; 0s remote-cache, linux-sandbox ... (15 actions, 4 running)
[10,756 / 14,581] Compiling llvm/utils/TableGen/Basic/RISCVTargetDefEmitter.cpp [for tool]; 1s remote-cache, linux-sandbox ... (15 actions, 4 running)
[10,845 / 14,581] Compiling mlir/lib/TableGen/Dialect.cpp [for tool]; 1s remote-cache, linux-sandbox ... (16 actions, 4 running)
[10,930 / 14,581] Compiling mlir/lib/TableGen/Operator.cpp [for tool]; 1s remote-cache, linux-sandbox ... (16 actions, 5 running)
[11,019 / 14,581] Compiling mlir/tools/mlir-tblgen/AttrOrTypeDefGen.cpp [for tool]; 2s remote-cache, linux-sandbox ... (14 actions, 5 running)
[11,100 / 14,581] Compiling mlir/tools/mlir-tblgen/AttrOrTypeDefGen.cpp [for tool]; 3s remote-cache, linux-sandbox ... (16 actions, 6 running)
[11,179 / 14,581] Compiling llvm/utils/TableGen/Common/CodeGenDAGPatterns.cpp [for tool]; 4s remote-cache, linux-sandbox ... (16 actions, 5 running)
[11,260 / 14,581] Compiling llvm/utils/TableGen/Common/CodeGenDAGPatterns.cpp [for tool]; 5s remote-cache, linux-sandbox ... (16 actions, 5 running)
[11,336 / 14,581] Compiling llvm/utils/TableGen/Common/CodeGenDAGPatterns.cpp [for tool]; 6s remote-cache, linux-sandbox ... (16 actions, 5 running)
[11,382 / 14,581] Compiling mlir/tools/mlir-tblgen/BytecodeDialectGen.cpp [for tool]; 4s remote-cache, linux-sandbox ... (16 actions, 11 running)
[11,419 / 14,581] Compiling llvm/utils/TableGen/X86RecognizableInstr.cpp [for tool]; 1s remote-cache, linux-sandbox ... (16 actions, 11 running)
[11,450 / 14,581] Compiling llvm/utils/TableGen/Basic/IntrinsicEmitter.cpp [for tool]; 2s remote-cache, linux-sandbox ... (15 actions, 12 running)
[11,477 / 14,581] Compiling mlir/tools/mlir-tblgen/OpInterfacesGen.cpp [for tool]; 2s remote-cache, linux-sandbox ... (15 actions, 12 running)
[11,502 / 14,581] Compiling mlir/tools/mlir-tblgen/OpDefinitionsGen.cpp [for tool]; 2s remote-cache, linux-sandbox ... (16 actions, 13 running)
[11,523 / 14,581] Compiling mlir/tools/mlir-tblgen/OpDefinitionsGen.cpp [for tool]; 3s remote-cache, linux-sandbox ... (16 actions, 13 running)
[11,540 / 14,581] Compiling mlir/tools/mlir-tblgen/OpDefinitionsGen.cpp [for tool]; 4s remote-cache, linux-sandbox ... (16 actions, 14 running)
[11,558 / 14,581] Compiling mlir/tools/mlir-tblgen/OpDefinitionsGen.cpp [for tool]; 5s remote-cache, linux-sandbox ... (16 actions, 12 running)
[11,574 / 14,581] Compiling mlir/tools/mlir-tblgen/OpDefinitionsGen.cpp [for tool]; 6s remote-cache, linux-sandbox ... (16 actions, 12 running)
[11,600 / 14,581] Compiling mlir/tools/mlir-tblgen/OpDefinitionsGen.cpp [for tool]; 7s remote-cache, linux-sandbox ... (16 actions, 12 running)
[12,517 / 14,581] Compiling llvm/utils/TableGen/InstrInfoEmitter.cpp [for tool]; 5s remote-cache, linux-sandbox ... (16 actions, 11 running)
[12,544 / 14,581] Compiling llvm/utils/TableGen/GlobalISelEmitter.cpp [for tool]; 5s remote-cache, linux-sandbox ... (16 actions, 11 running)
[12,571 / 14,581] Compiling llvm/utils/TableGen/GlobalISelEmitter.cpp [for tool]; 6s remote-cache, linux-sandbox ... (16 actions, 10 running)
[12,595 / 14,581] Compiling llvm/utils/TableGen/DAGISelMatcherEmitter.cpp [for tool]; 2s remote-cache, linux-sandbox ... (16 actions, 11 running)
[12,615 / 14,581] Compiling llvm/utils/TableGen/DAGISelMatcherEmitter.cpp [for tool]; 3s remote-cache, linux-sandbox ... (16 actions, 11 running)
[12,632 / 14,581] Compiling llvm/utils/TableGen/DAGISelMatcherEmitter.cpp [for tool]; 4s remote-cache, linux-sandbox ... (16 actions, 13 running)
[12,656 / 14,581] Compiling llvm/utils/TableGen/DAGISelMatcherEmitter.cpp [for tool]; 5s remote-cache, linux-sandbox ... (16 actions, 10 running)
[12,672 / 14,581] Compiling llvm/utils/TableGen/Common/GlobalISel/MatchTable/Matchers.cpp [for tool]; 3s remote-cache, linux-sandbox ... (7 actions running)
[12,674 / 14,581] Compiling llvm/utils/TableGen/Common/GlobalISel/MatchTable/Matchers.cpp [for tool]; 5s remote-cache, linux-sandbox ... (5 actions running)
[12,677 / 14,581] Compiling llvm/utils/TableGen/AsmMatcherEmitter.cpp [for tool]; 5s remote-cache, linux-sandbox ... (2 actions running)
[12,678 / 14,581] Compiling llvm/utils/TableGen/Common/CodeGenRegisters.cpp [for tool]; 6s remote-cache, linux-sandbox
[12,683 / 14,581] [Scann] Compiling llvm/lib/TargetParser/PPCTargetParser.cpp [for tool]
[12,684 / 14,581] Compiling llvm/lib/TextAPI/Architecture.cpp; 0s remote-cache, linux-sandbox ... (16 actions, 15 running)
[12,695 / 14,581] Compiling llvm/lib/BinaryFormat/Dwarf.cpp; 1s remote-cache, linux-sandbox ... (16 actions, 15 running)
[12,709 / 14,581] Compiling llvm/lib/BinaryFormat/Magic.cpp; 1s remote-cache, linux-sandbox ... (16 actions running)
[12,715 / 14,581] Compiling mlir/lib/IR/Verifier.cpp [for tool]; 1s remote-cache, linux-sandbox ... (16 actions, 15 running)
[12,720 / 14,581] Compiling mlir/tools/mlir-linalg-ods-gen/mlir-linalg-ods-yaml-gen.cpp [for tool]; 2s remote-cache, linux-sandbox ... (16 actions, 15 running)
[12,735 / 14,581] Compiling mlir/tools/mlir-linalg-ods-gen/mlir-linalg-ods-yaml-gen.cpp [for tool]; 3s remote-cache, linux-sandbox ... (16 actions, 15 running)
[12,741 / 14,581] Compiling llvm/lib/IR/AsmWriter.cpp [for tool]; 4s remote-cache, linux-sandbox ... (16 actions, 15 running)
[12,750 / 14,581] Compiling llvm/lib/IR/AsmWriter.cpp [for tool]; 5s remote-cache, linux-sandbox ... (16 actions, 14 running)
[12,752 / 14,581] Compiling llvm/lib/IR/AsmWriter.cpp [for tool]; 6s remote-cache, linux-sandbox ... (16 actions, 15 running)
[12,759 / 14,581] Compiling llvm/lib/IR/Verifier.cpp [for tool]; 6s remote-cache, linux-sandbox ... (16 actions, 15 running)
[12,766 / 14,581] Compiling llvm/lib/IR/Verifier.cpp [for tool]; 8s remote-cache, linux-sandbox ... (16 actions, 15 running)
[12,771 / 14,581] Compiling llvm/lib/AsmParser/LLParser.cpp; 5s remote-cache, linux-sandbox ... (16 actions, 13 running)
[12,776 / 14,581] Compiling llvm/lib/AsmParser/LLParser.cpp; 6s remote-cache, linux-sandbox ... (16 actions, 15 running)
[12,782 / 14,581] Compiling llvm/lib/AsmParser/LLParser.cpp; 7s remote-cache, linux-sandbox ... (16 actions, 15 running)
[12,787 / 14,581] Compiling llvm/lib/AsmParser/LLParser.cpp; 8s remote-cache, linux-sandbox ... (16 actions, 15 running)
[12,795 / 14,581] Compiling llvm/lib/AsmParser/LLParser.cpp; 9s remote-cache, linux-sandbox ... (16 actions, 15 running)
[12,800 / 14,581] Compiling llvm/lib/AsmParser/LLParser.cpp; 10s remote-cache, linux-sandbox ... (16 actions, 15 running)
[12,804 / 14,581] Compiling mlir/lib/IR/BuiltinAttributes.cpp [for tool]; 4s remote-cache, linux-sandbox ... (16 actions, 13 running)
[12,812 / 14,581] Compiling mlir/lib/IR/BuiltinAttributes.cpp [for tool]; 5s remote-cache, linux-sandbox ... (16 actions, 15 running)
[12,817 / 14,581] Compiling mlir/lib/IR/BuiltinAttributes.cpp [for tool]; 6s remote-cache, linux-sandbox ... (16 actions, 15 running)
[12,823 / 14,581] Compiling mlir/lib/IR/BuiltinAttributes.cpp [for tool]; 7s remote-cache, linux-sandbox ... (16 actions, 15 running)
[12,829 / 14,581] Compiling mlir/lib/IR/BuiltinAttributes.cpp [for tool]; 8s remote-cache, linux-sandbox ... (16 actions, 13 running)
[12,835 / 14,581] Compiling llvm/lib/IR/AsmWriter.cpp; 3s remote-cache, linux-sandbox ... (16 actions, 15 running)
[12,842 / 14,581] Compiling llvm/lib/IR/AsmWriter.cpp; 4s remote-cache, linux-sandbox ... (16 actions, 14 running)
[12,846 / 14,581] Compiling llvm/lib/IR/AsmWriter.cpp; 5s remote-cache, linux-sandbox ... (16 actions running)
[12,850 / 14,581] Compiling llvm/lib/IR/AsmWriter.cpp; 6s remote-cache, linux-sandbox ... (16 actions, 14 running)
[12,857 / 14,581] Compiling mlir/lib/IR/Dominance.cpp [for tool]; 6s remote-cache, linux-sandbox ... (16 actions, 15 running)
[12,863 / 14,581] Compiling mlir/lib/IR/Dominance.cpp [for tool]; 7s remote-cache, linux-sandbox ... (16 actions, 15 running)
[12,868 / 14,581] Compiling llvm/lib/IR/AutoUpgrade.cpp; 3s remote-cache, linux-sandbox ... (16 actions, 15 running)
[12,878 / 14,581] Compiling llvm/lib/IR/AutoUpgrade.cpp; 4s remote-cache, linux-sandbox ... (15 actions, 14 running)
[12,883 / 14,581] Compiling llvm/lib/IR/Constants.cpp [for tool]; 2s remote-cache, linux-sandbox ... (16 actions, 15 running)
[12,888 / 14,581] Compiling llvm/lib/IR/Constants.cpp [for tool]; 3s remote-cache, linux-sandbox ... (16 actions, 12 running)
[12,892 / 14,581] Compiling llvm/lib/IR/Constants.cpp [for tool]; 4s remote-cache, linux-sandbox ... (16 actions, 15 running)
[12,900 / 14,581] Compiling llvm/lib/IR/Constants.cpp [for tool]; 5s remote-cache, linux-sandbox ... (16 actions, 15 running)
[12,905 / 14,581] Compiling llvm/lib/IR/Constants.cpp; 5s remote-cache, linux-sandbox ... (16 actions, 14 running)
[12,912 / 14,581] Compiling llvm/lib/ObjectYAML/CodeViewYAMLDebugSections.cpp; 3s remote-cache, linux-sandbox ... (16 actions, 15 running)
[12,917 / 14,581] Compiling llvm/lib/IR/Core.cpp; 3s remote-cache, linux-sandbox ... (16 actions, 15 running)
[12,924 / 14,581] Compiling llvm/lib/IR/Core.cpp; 4s remote-cache, linux-sandbox ... (16 actions, 15 running)
[12,931 / 14,581] Compiling llvm/lib/ObjectYAML/CodeViewYAMLSymbols.cpp; 2s remote-cache, linux-sandbox ... (16 actions, 15 running)
[12,936 / 14,581] Compiling llvm/lib/ObjectYAML/CodeViewYAMLSymbols.cpp; 3s remote-cache, linux-sandbox ... (16 actions, 14 running)
[12,943 / 14,581] Compiling llvm/lib/IR/DebugInfoMetadata.cpp [for tool]; 4s remote-cache, linux-sandbox ... (16 actions, 13 running)
[12,950 / 14,581] Compiling llvm/lib/IR/DebugInfoMetadata.cpp [for tool]; 5s remote-cache, linux-sandbox ... (16 actions, 15 running)
[12,958 / 14,581] Compiling llvm/lib/IR/DebugInfo.cpp; 2s remote-cache, linux-sandbox ... (16 actions, 15 running)
[12,962 / 14,581] Compiling llvm/lib/IR/DebugInfo.cpp; 3s remote-cache, linux-sandbox ... (16 actions, 14 running)
[12,969 / 14,581] Compiling llvm/lib/MC/MCParser/MasmParser.cpp; 3s remote-cache, linux-sandbox ... (16 actions, 15 running)
[12,975 / 14,581] Compiling llvm/lib/MC/MCParser/MasmParser.cpp; 4s remote-cache, linux-sandbox ... (16 actions, 15 running)
[12,982 / 14,581] Compiling llvm/lib/MC/MCParser/MasmParser.cpp; 5s remote-cache, linux-sandbox ... (16 actions, 15 running)
[12,989 / 14,581] Compiling llvm/lib/IR/Dominators.cpp [for tool]; 5s remote-cache, linux-sandbox ... (16 actions, 15 running)
[12,994 / 14,581] Compiling llvm/lib/IR/Dominators.cpp [for tool]; 6s remote-cache, linux-sandbox ... (16 actions, 15 running)
[13,001 / 14,581] Compiling mlir/lib/Dialect/IRDL/IR/IRDL.cpp; 5s remote-cache, linux-sandbox ... (16 actions, 14 running)
[13,008 / 14,581] Compiling mlir/lib/Dialect/IRDL/IR/IRDL.cpp; 6s remote-cache, linux-sandbox ... (16 actions, 15 running)
[13,014 / 14,581] Compiling mlir/lib/Dialect/IRDL/IR/IRDL.cpp; 7s remote-cache, linux-sandbox ... (16 actions, 15 running)
[13,020 / 14,581] Compiling mlir/lib/Dialect/EmitC/IR/EmitC.cpp; 6s remote-cache, linux-sandbox ... (16 actions, 14 running)
[13,025 / 14,581] Compiling mlir/lib/Dialect/EmitC/IR/EmitC.cpp; 7s remote-cache, linux-sandbox ... (16 actions, 15 running)
[13,029 / 14,581] Compiling mlir/lib/Dialect/EmitC/IR/EmitC.cpp; 8s remote-cache, linux-sandbox ... (16 actions, 14 running)
[13,034 / 14,581] Compiling mlir/lib/Dialect/EmitC/IR/EmitC.cpp; 9s remote-cache, linux-sandbox ... (16 actions, 14 running)
[13,042 / 14,581] Compiling mlir/lib/Dialect/EmitC/IR/EmitC.cpp; 10s remote-cache, linux-sandbox ... (16 actions, 15 running)
[13,049 / 14,581] Compiling mlir/lib/Dialect/EmitC/IR/EmitC.cpp; 11s remote-cache, linux-sandbox ... (16 actions, 15 running)
[13,054 / 14,581] Compiling mlir/lib/Dialect/EmitC/IR/EmitC.cpp; 12s remote-cache, linux-sandbox ... (16 actions, 15 running)
[13,058 / 14,581] Compiling mlir/lib/Dialect/EmitC/IR/EmitC.cpp; 14s remote-cache, linux-sandbox ... (16 actions running)
[13,065 / 14,581] Compiling mlir/lib/Dialect/EmitC/IR/EmitC.cpp; 15s remote-cache, linux-sandbox ... (16 actions, 15 running)
[13,070 / 14,581] Compiling mlir/lib/Dialect/EmitC/IR/EmitC.cpp; 16s remote-cache, linux-sandbox ... (16 actions, 15 running)
[13,078 / 14,581] Compiling llvm/lib/ObjectYAML/DXContainerYAML.cpp; 4s remote-cache, linux-sandbox ... (16 actions, 15 running)
[13,087 / 14,581] Compiling llvm/lib/MC/WasmObjectWriter.cpp; 1s remote-cache, linux-sandbox ... (16 actions, 14 running)
[13,088 / 14,581] Compiling llvm/lib/MC/WasmObjectWriter.cpp; 2s remote-cache, linux-sandbox ... (16 actions, 15 running)
[13,098 / 14,581] Compiling llvm/lib/IR/Metadata.cpp [for tool]; 3s remote-cache, linux-sandbox ... (16 actions, 15 running)
[13,103 / 14,581] Compiling llvm/lib/IR/Metadata.cpp [for tool]; 4s remote-cache, linux-sandbox ... (16 actions, 15 running)
[13,108 / 14,581] Compiling llvm/lib/IR/Metadata.cpp [for tool]; 5s remote-cache, linux-sandbox ... (16 actions, 15 running)
[13,114 / 14,581] Compiling llvm/lib/IR/Metadata.cpp [for tool]; 6s remote-cache, linux-sandbox ... (16 actions, 15 running)
[13,128 / 14,581] Compiling llvm/lib/IR/LLVMContextImpl.cpp; 4s remote-cache, linux-sandbox ... (16 actions, 14 running)
[13,134 / 14,581] Compiling mlir/lib/Dialect/Index/IR/IndexOps.cpp; 3s remote-cache, linux-sandbox ... (16 actions, 15 running)
[13,140 / 14,581] Compiling mlir/lib/Dialect/Index/IR/IndexOps.cpp; 4s remote-cache, linux-sandbox ... (16 actions, 15 running)
[13,145 / 14,581] Compiling mlir/lib/Dialect/Index/IR/IndexOps.cpp; 5s remote-cache, linux-sandbox ... (16 actions, 15 running)
[13,153 / 14,581] Compiling mlir/lib/Dialect/Index/IR/IndexOps.cpp; 6s remote-cache, linux-sandbox ... (16 actions, 15 running)
[13,157 / 14,581] Compiling mlir/lib/Dialect/Index/IR/IndexOps.cpp; 7s remote-cache, linux-sandbox ... (16 actions, 14 running)
[13,162 / 14,581] Compiling mlir/lib/Dialect/Index/IR/IndexOps.cpp; 8s remote-cache, linux-sandbox ... (16 actions, 15 running)
[13,168 / 14,581] Compiling mlir/lib/Dialect/Index/IR/IndexOps.cpp; 10s remote-cache, linux-sandbox ... (16 actions, 14 running)
[13,176 / 14,581] Compiling llvm/lib/ObjectYAML/ELFYAML.cpp; 8s remote-cache, linux-sandbox ... (16 actions, 15 running)
[13,180 / 14,581] Compiling mlir/lib/Dialect/PDLInterp/IR/PDLInterp.cpp; 6s remote-cache, linux-sandbox ... (16 actions, 15 running)
[13,186 / 14,581] Compiling mlir/lib/Dialect/PDLInterp/IR/PDLInterp.cpp; 7s remote-cache, linux-sandbox ... (16 actions, 14 running)
[13,191 / 14,581] Compiling mlir/lib/Dialect/PDLInterp/IR/PDLInterp.cpp; 8s remote-cache, linux-sandbox ... (16 actions, 15 running)
[13,198 / 14,581] Compiling mlir/lib/Dialect/PDLInterp/IR/PDLInterp.cpp; 9s remote-cache, linux-sandbox ... (16 actions, 15 running)
[13,206 / 14,581] Compiling mlir/lib/Dialect/PDLInterp/IR/PDLInterp.cpp; 11s remote-cache, linux-sandbox ... (16 actions, 15 running)
[13,212 / 14,581] Compiling mlir/lib/Dialect/PDLInterp/IR/PDLInterp.cpp; 12s remote-cache, linux-sandbox ... (16 actions, 15 running)
[13,219 / 14,581] Compiling mlir/lib/Dialect/Arith/IR/ArithDialect.cpp; 8s remote-cache, linux-sandbox ... (16 actions running)
[13,224 / 14,581] Compiling mlir/lib/Dialect/Arith/IR/ArithDialect.cpp; 9s remote-cache, linux-sandbox ... (16 actions, 14 running)
[13,229 / 14,581] Compiling mlir/lib/Dialect/Arith/IR/ArithDialect.cpp; 10s remote-cache, linux-sandbox ... (16 actions, 15 running)
[13,233 / 14,581] Compiling mlir/lib/IR/BuiltinTypes.cpp; 4s remote-cache, linux-sandbox ... (16 actions, 15 running)
[13,240 / 14,581] Compiling mlir/lib/Conversion/PDLToPDLInterp/PredicateTree.cpp; 4s remote-cache, linux-sandbox ... (16 actions, 15 running)
[13,244 / 14,581] Compiling lib/Parameters/RLWEParams.cpp; 3s remote-cache, linux-sandbox ... (16 actions, 15 running)
[13,251 / 14,581] Compiling llvm/lib/ObjectYAML/MachOYAML.cpp; 4s remote-cache, linux-sandbox ... (16 actions, 14 running)
[13,256 / 14,581] Compiling mlir/lib/Dialect/Complex/IR/ComplexOps.cpp; 2s remote-cache, linux-sandbox ... (16 actions running)
[13,262 / 14,581] Compiling mlir/lib/Dialect/Complex/IR/ComplexOps.cpp; 3s remote-cache, linux-sandbox ... (16 actions, 15 running)
[13,267 / 14,581] Compiling mlir/lib/Dialect/Complex/IR/ComplexOps.cpp; 5s remote-cache, linux-sandbox ... (16 actions running)
[13,271 / 14,581] Compiling mlir/lib/Dialect/Complex/IR/ComplexOps.cpp; 6s remote-cache, linux-sandbox ... (16 actions, 15 running)
[13,275 / 14,581] Compiling mlir/lib/Dialect/Complex/IR/ComplexOps.cpp; 7s remote-cache, linux-sandbox ... (16 actions, 15 running)
[13,278 / 14,581] Compiling mlir/lib/Dialect/Complex/IR/ComplexOps.cpp; 9s remote-cache, linux-sandbox ... (16 actions, 15 running)
[13,282 / 14,581] Compiling llvm/lib/IR/Verifier.cpp; 8s remote-cache, linux-sandbox ... (16 actions, 15 running)
[13,289 / 14,581] Compiling mlir/lib/Dialect/Arith/IR/ArithOps.cpp; 8s remote-cache, linux-sandbox ... (16 actions, 15 running)
[13,292 / 14,581] Compiling mlir/lib/Dialect/Arith/IR/ArithOps.cpp; 9s remote-cache, linux-sandbox ... (16 actions running)
[13,298 / 14,581] Compiling mlir/lib/Dialect/Arith/IR/ArithOps.cpp; 11s remote-cache, linux-sandbox ... (15 actions, 14 running)
[13,303 / 14,581] Compiling mlir/lib/Dialect/Arith/IR/ArithOps.cpp; 12s remote-cache, linux-sandbox ... (16 actions, 15 running)
[13,307 / 14,581] Compiling mlir/lib/Dialect/Arith/IR/ArithOps.cpp; 13s remote-cache, linux-sandbox ... (16 actions, 14 running)
[13,311 / 14,581] Compiling mlir/lib/Dialect/Arith/IR/ArithOps.cpp; 14s remote-cache, linux-sandbox ... (16 actions, 15 running)
[13,316 / 14,581] Compiling mlir/lib/Dialect/Arith/IR/ArithOps.cpp; 15s remote-cache, linux-sandbox ... (16 actions, 15 running)
[13,321 / 14,581] Compiling mlir/lib/Dialect/Arith/IR/ArithOps.cpp; 16s remote-cache, linux-sandbox ... (16 actions, 15 running)
[13,329 / 14,581] Compiling mlir/lib/Dialect/Arith/IR/ArithOps.cpp; 17s remote-cache, linux-sandbox ... (16 actions, 15 running)
[13,332 / 14,581] Compiling mlir/lib/Dialect/Arith/IR/ArithOps.cpp; 18s remote-cache, linux-sandbox ... (16 actions running)
[13,337 / 14,581] Compiling mlir/lib/Dialect/Arith/IR/ArithOps.cpp; 19s remote-cache, linux-sandbox ... (16 actions, 14 running)
[13,340 / 14,581] Compiling mlir/lib/Dialect/Shard/IR/ShardOps.cpp; 8s remote-cache, linux-sandbox ... (16 actions, 15 running)
[13,344 / 14,581] Compiling mlir/lib/Dialect/Shard/IR/ShardOps.cpp; 9s remote-cache, linux-sandbox ... (16 actions, 15 running)
[13,349 / 14,581] Compiling mlir/lib/Dialect/Shard/IR/ShardOps.cpp; 10s remote-cache, linux-sandbox ... (16 actions running)
[13,351 / 14,581] Compiling mlir/lib/Dialect/Shard/IR/ShardOps.cpp; 12s remote-cache, linux-sandbox ... (16 actions, 15 running)
[13,362 / 14,581] Compiling mlir/lib/Dialect/LLVMIR/IR/LLVMAttrs.cpp; 13s remote-cache, linux-sandbox ... (16 actions, 15 running)
[13,364 / 14,581] Compiling mlir/lib/Dialect/LLVMIR/IR/LLVMAttrs.cpp; 15s remote-cache, linux-sandbox ... (16 actions, 15 running)
[13,366 / 14,581] Compiling mlir/lib/Dialect/LLVMIR/IR/LLVMAttrs.cpp; 16s remote-cache, linux-sandbox ... (16 actions, 15 running)
[13,370 / 14,581] Compiling mlir/lib/Dialect/LLVMIR/IR/LLVMAttrs.cpp; 17s remote-cache, linux-sandbox ... (16 actions, 15 running)
[13,373 / 14,581] Compiling mlir/lib/Dialect/LLVMIR/IR/LLVMAttrs.cpp; 18s remote-cache, linux-sandbox ... (16 actions, 15 running)
[13,379 / 14,581] Compiling mlir/lib/Dialect/SparseTensor/IR/SparseTensorDialect.cpp; 15s remote-cache, linux-sandbox ... (16 actions, 15 running)
[13,386 / 14,581] Compiling mlir/lib/Dialect/SparseTensor/IR/SparseTensorDialect.cpp; 16s remote-cache, linux-sandbox ... (16 actions, 15 running)
[13,387 / 14,581] Compiling mlir/lib/Dialect/SparseTensor/IR/SparseTensorDialect.cpp; 17s remote-cache, linux-sandbox ... (16 actions, 15 running)
[13,394 / 14,581] Compiling mlir/lib/Dialect/SparseTensor/IR/SparseTensorDialect.cpp; 18s remote-cache, linux-sandbox ... (16 actions running)
[13,400 / 14,581] Compiling mlir/lib/Dialect/LLVMIR/IR/LLVMDialect.cpp; 10s remote-cache, linux-sandbox ... (16 actions, 15 running)
[13,404 / 14,581] Compiling mlir/lib/Dialect/LLVMIR/IR/LLVMDialect.cpp; 11s remote-cache, linux-sandbox ... (16 actions, 15 running)
[13,409 / 14,581] Compiling mlir/lib/Dialect/LLVMIR/IR/LLVMDialect.cpp; 12s remote-cache, linux-sandbox ... (16 actions, 15 running)
[13,413 / 14,581] Compiling mlir/lib/Dialect/LLVMIR/IR/LLVMDialect.cpp; 13s remote-cache, linux-sandbox ... (16 actions, 15 running)
[13,416 / 14,581] Compiling mlir/lib/Dialect/LLVMIR/IR/LLVMDialect.cpp; 14s remote-cache, linux-sandbox ... (16 actions, 15 running)
[13,423 / 14,581] Compiling mlir/lib/Dialect/LLVMIR/IR/LLVMDialect.cpp; 16s remote-cache, linux-sandbox ... (16 actions, 15 running)
[13,428 / 14,581] Compiling mlir/lib/Dialect/LLVMIR/IR/LLVMDialect.cpp; 17s remote-cache, linux-sandbox ... (16 actions running)
[13,431 / 14,581] Compiling mlir/lib/Dialect/LLVMIR/IR/LLVMDialect.cpp; 18s remote-cache, linux-sandbox ... (16 actions, 15 running)
[13,437 / 14,581] Compiling mlir/lib/Dialect/LLVMIR/IR/LLVMDialect.cpp; 19s remote-cache, linux-sandbox ... (16 actions, 15 running)
[13,443 / 14,581] Compiling mlir/lib/Dialect/LLVMIR/IR/LLVMDialect.cpp; 20s remote-cache, linux-sandbox ... (16 actions, 15 running)
[13,451 / 14,581] Compiling mlir/lib/Dialect/LLVMIR/IR/LLVMDialect.cpp; 21s remote-cache, linux-sandbox ... (16 actions, 15 running)
[13,457 / 14,581] Compiling mlir/lib/Dialect/LLVMIR/IR/LLVMDialect.cpp; 22s remote-cache, linux-sandbox ... (16 actions, 13 running)
[13,458 / 14,581] Compiling mlir/lib/Dialect/LLVMIR/IR/LLVMDialect.cpp; 23s remote-cache, linux-sandbox ... (16 actions, 15 running)
[13,467 / 14,581] Compiling mlir/lib/Dialect/LLVMIR/IR/LLVMDialect.cpp; 24s remote-cache, linux-sandbox ... (16 actions, 15 running)
[13,471 / 14,581] Compiling mlir/lib/Dialect/LLVMIR/IR/LLVMDialect.cpp; 25s remote-cache, linux-sandbox ... (16 actions, 14 running)
[13,473 / 14,581] Compiling mlir/lib/Dialect/LLVMIR/IR/LLVMDialect.cpp; 26s remote-cache, linux-sandbox ... (16 actions, 15 running)
[13,479 / 14,581] Compiling mlir/lib/Dialect/LLVMIR/IR/LLVMDialect.cpp; 27s remote-cache, linux-sandbox ... (16 actions, 13 running)
[13,488 / 14,581] Compiling mlir/lib/Dialect/LLVMIR/IR/LLVMDialect.cpp; 28s remote-cache, linux-sandbox ... (16 actions, 12 running)
[13,489 / 14,581] Compiling mlir/lib/Dialect/LLVMIR/IR/LLVMDialect.cpp; 30s remote-cache, linux-sandbox ... (16 actions running)
[13,495 / 14,581] Compiling mlir/lib/Dialect/LLVMIR/IR/LLVMDialect.cpp; 31s remote-cache, linux-sandbox ... (16 actions, 15 running)
[13,501 / 14,581] Compiling mlir/lib/Dialect/LLVMIR/IR/LLVMDialect.cpp; 32s remote-cache, linux-sandbox ... (16 actions, 15 running)
[13,505 / 14,581] Compiling mlir/lib/Dialect/LLVMIR/IR/LLVMDialect.cpp; 33s remote-cache, linux-sandbox ... (16 actions, 15 running)
[13,511 / 14,581] Compiling mlir/lib/Dialect/LLVMIR/IR/LLVMDialect.cpp; 34s remote-cache, linux-sandbox ... (16 actions, 15 running)
[13,517 / 14,581] Compiling mlir/lib/Dialect/LLVMIR/IR/LLVMDialect.cpp; 35s remote-cache, linux-sandbox ... (16 actions, 15 running)
[13,523 / 14,581] Compiling mlir/lib/Dialect/LLVMIR/IR/LLVMDialect.cpp; 36s remote-cache, linux-sandbox ... (16 actions, 14 running)
[13,531 / 14,581] Compiling mlir/lib/Dialect/LLVMIR/IR/LLVMDialect.cpp; 37s remote-cache, linux-sandbox ... (16 actions, 15 running)
[13,536 / 14,581] Compiling mlir/lib/Dialect/LLVMIR/IR/LLVMDialect.cpp; 38s remote-cache, linux-sandbox ... (16 actions, 15 running)
[13,539 / 14,581] Compiling mlir/lib/Dialect/LLVMIR/IR/LLVMDialect.cpp; 39s remote-cache, linux-sandbox ... (16 actions, 15 running)
[13,545 / 14,581] Compiling mlir/lib/Dialect/LLVMIR/IR/LLVMDialect.cpp; 41s remote-cache, linux-sandbox ... (16 actions, 15 running)
[13,551 / 14,581] Compiling mlir/lib/Dialect/LLVMIR/IR/LLVMDialect.cpp; 42s remote-cache, linux-sandbox ... (16 actions, 15 running)
[13,556 / 14,581] Compiling mlir/lib/Dialect/LLVMIR/IR/LLVMDialect.cpp; 43s remote-cache, linux-sandbox ... (16 actions, 14 running)
[13,560 / 14,581] Compiling mlir/lib/Dialect/LLVMIR/IR/LLVMDialect.cpp; 44s remote-cache, linux-sandbox ... (16 actions, 15 running)
[13,567 / 14,581] Compiling mlir/lib/Dialect/LLVMIR/IR/LLVMDialect.cpp; 45s remote-cache, linux-sandbox ... (16 actions, 15 running)
[13,572 / 14,581] Compiling mlir/lib/Dialect/LLVMIR/IR/LLVMDialect.cpp; 46s remote-cache, linux-sandbox ... (16 actions, 15 running)
[13,576 / 14,581] Compiling mlir/lib/Dialect/LLVMIR/IR/LLVMDialect.cpp; 47s remote-cache, linux-sandbox ... (16 actions, 15 running)
[13,582 / 14,581] Compiling mlir/lib/Dialect/LLVMIR/IR/LLVMDialect.cpp; 48s remote-cache, linux-sandbox ... (16 actions, 15 running)
[13,584 / 14,581] Compiling mlir/lib/Dialect/LLVMIR/IR/LLVMDialect.cpp; 50s remote-cache, linux-sandbox ... (16 actions, 15 running)
[13,590 / 14,581] Compiling mlir/lib/Dialect/LLVMIR/IR/LLVMDialect.cpp; 51s remote-cache, linux-sandbox ... (16 actions running)
[13,596 / 14,581] Compiling mlir/lib/Dialect/LLVMIR/IR/LLVMDialect.cpp; 52s remote-cache, linux-sandbox ... (16 actions, 15 running)
[13,600 / 14,581] Compiling mlir/lib/Dialect/LLVMIR/IR/LLVMDialect.cpp; 53s remote-cache, linux-sandbox ... (16 actions, 15 running)
[13,606 / 14,581] Compiling mlir/lib/Dialect/LLVMIR/IR/LLVMDialect.cpp; 54s remote-cache, linux-sandbox ... (16 actions, 15 running)
[13,610 / 14,581] Compiling mlir/lib/Dialect/LLVMIR/IR/LLVMDialect.cpp; 55s remote-cache, linux-sandbox ... (16 actions, 14 running)
[13,614 / 14,581] Compiling mlir/lib/Dialect/LLVMIR/IR/LLVMDialect.cpp; 56s remote-cache, linux-sandbox ... (16 actions, 15 running)
[13,620 / 14,581] Compiling mlir/lib/Dialect/LLVMIR/IR/LLVMDialect.cpp; 57s remote-cache, linux-sandbox ... (16 actions, 15 running)
[13,626 / 14,581] Compiling mlir/lib/Dialect/LLVMIR/IR/LLVMDialect.cpp; 58s remote-cache, linux-sandbox ... (16 actions, 14 running)
[13,629 / 14,581] Compiling mlir/lib/Dialect/LLVMIR/IR/LLVMDialect.cpp; 60s remote-cache, linux-sandbox ... (16 actions, 15 running)
[13,632 / 14,581] Compiling mlir/lib/Dialect/LLVMIR/IR/LLVMDialect.cpp; 61s remote-cache, linux-sandbox ... (16 actions, 15 running)
[13,636 / 14,581] Compiling mlir/lib/Dialect/LLVMIR/IR/LLVMDialect.cpp; 62s remote-cache, linux-sandbox ... (16 actions, 14 running)
INFO: From Compiling lib/Utils/ContextAwareTypeConversion.cpp:
In file included from lib/Utils/ContextAwareTypeConversion.cpp:1:
In file included from ./lib/Utils/ContextAwareTypeConversion.h:16:
external/+_repo_rules+llvm-project/llvm/include/llvm/Support/RWMutex.h:123:12: warning: releasing shared_mutex 'impl' that was not held [-Wthread-safety-analysis]
  123 |       impl.unlock_shared();
      |            ^
bazel-out/k8-opt/bin/external/llvm++llvm+llvm-project/libcxx/libcxx_headers_include_search_directory/shared_mutex:332:13: note: in instantiation of member function 'llvm::sys::SmartRWMutex<true>::unlock_shared' requested here
  332 |       __m_->unlock_shared();
      |             ^
lib/Utils/ContextAwareTypeConversion.cpp:82:44: note: in instantiation of member function 'std::shared_lock<llvm::sys::SmartRWMutex<true>>::~shared_lock' requested here
   82 |     std::shared_lock<decltype(cacheMutex)> cacheReadLock(cacheMutex,
      |                                            ^
In file included from lib/Utils/ContextAwareTypeConversion.cpp:1:
In file included from ./lib/Utils/ContextAwareTypeConversion.h:16:
external/+_repo_rules+llvm-project/llvm/include/llvm/Support/RWMutex.h:119:3: warning: shared_mutex 'impl' is still held at the end of function [-Wthread-safety-analysis]
  119 |   }
      |   ^
bazel-out/k8-opt/bin/external/llvm++llvm+llvm-project/libcxx/libcxx_headers_include_search_directory/shared_mutex:385:9: note: in instantiation of member function 'llvm::sys::SmartRWMutex<true>::lock_shared' requested here
  385 |   __m_->lock_shared();
      |         ^
lib/Utils/ContextAwareTypeConversion.cpp:84:66: note: in instantiation of member function 'std::shared_lock<llvm::sys::SmartRWMutex<true>>::lock' requested here
   84 |     if (t.getContext()->isMultithreadingEnabled()) cacheReadLock.lock();
      |                                                                  ^
external/+_repo_rules+llvm-project/llvm/include/llvm/Support/RWMutex.h:111:12: note: shared_mutex acquired here
  111 |       impl.lock_shared();
      |            ^
external/+_repo_rules+llvm-project/llvm/include/llvm/Support/RWMutex.h:151:12: warning: releasing shared_mutex 'impl' that was not held [-Wthread-safety-analysis]
  151 |       impl.unlock();
      |            ^
bazel-out/k8-opt/bin/external/llvm++llvm+llvm-project/libcxx/libcxx_headers_include_search_directory/__mutex/unique_lock.h:67:13: note: in instantiation of member function 'llvm::sys::SmartRWMutex<true>::unlock' requested here
   67 |       __m_->unlock();
      |             ^
lib/Utils/ContextAwareTypeConversion.cpp:95:42: note: in instantiation of member function 'std::unique_lock<llvm::sys::SmartRWMutex<true>>::~unique_lock' requested here
   95 |   std::unique_lock<decltype(cacheMutex)> cacheWriteLock(cacheMutex,
      |                                          ^
In file included from lib/Utils/ContextAwareTypeConversion.cpp:1:
In file included from ./lib/Utils/ContextAwareTypeConversion.h:16:
external/+_repo_rules+llvm-project/llvm/include/llvm/Support/RWMutex.h:147:3: warning: shared_mutex 'impl' is still held at the end of function [-Wthread-safety-analysis]
  147 |   }
      |   ^
bazel-out/k8-opt/bin/external/llvm++llvm+llvm-project/libcxx/libcxx_headers_include_search_directory/__mutex/unique_lock.h:121:9: note: in instantiation of member function 'llvm::sys::SmartRWMutex<true>::lock' requested here
  121 |   __m_->lock();
      |         ^
lib/Utils/ContextAwareTypeConversion.cpp:100:69: note: in instantiation of member function 'std::unique_lock<llvm::sys::SmartRWMutex<true>>::lock' requested here
  100 |       if (t.getContext()->isMultithreadingEnabled()) cacheWriteLock.lock();
      |                                                                     ^
external/+_repo_rules+llvm-project/llvm/include/llvm/Support/RWMutex.h:138:12: note: shared_mutex acquired here
  138 |       impl.lock();
      |            ^
4 warnings generated.
[13,642 / 14,581] Compiling mlir/lib/Dialect/LLVMIR/IR/LLVMDialect.cpp; 63s remote-cache, linux-sandbox ... (16 actions, 15 running)
[13,646 / 14,581] Compiling mlir/lib/Dialect/LLVMIR/IR/LLVMDialect.cpp; 64s remote-cache, linux-sandbox ... (16 actions, 15 running)
[13,648 / 14,581] Compiling mlir/lib/Dialect/LLVMIR/IR/LLVMDialect.cpp; 65s remote-cache, linux-sandbox ... (16 actions running)
[13,653 / 14,581] Compiling mlir/lib/Dialect/LLVMIR/IR/LLVMDialect.cpp; 66s remote-cache, linux-sandbox ... (16 actions, 15 running)
[13,656 / 14,581] Compiling mlir/lib/Dialect/LLVMIR/IR/LLVMDialect.cpp; 67s remote-cache, linux-sandbox ... (16 actions, 15 running)
[13,659 / 14,581] Compiling mlir/lib/Dialect/LLVMIR/IR/LLVMDialect.cpp; 68s remote-cache, linux-sandbox ... (16 actions, 15 running)
[13,663 / 14,581] Compiling mlir/lib/Dialect/LLVMIR/IR/LLVMDialect.cpp; 70s remote-cache, linux-sandbox ... (16 actions, 15 running)
[13,666 / 14,581] Compiling mlir/lib/Dialect/LLVMIR/IR/LLVMDialect.cpp; 71s remote-cache, linux-sandbox ... (16 actions running)
[13,670 / 14,581] Compiling mlir/lib/Dialect/LLVMIR/IR/LLVMDialect.cpp; 72s remote-cache, linux-sandbox ... (16 actions running)
[13,672 / 14,581] Compiling mlir/lib/Dialect/LLVMIR/IR/LLVMDialect.cpp; 73s remote-cache, linux-sandbox ... (16 actions, 15 running)
[13,675 / 14,581] Compiling mlir/lib/Dialect/LLVMIR/IR/LLVMDialect.cpp; 74s remote-cache, linux-sandbox ... (15 actions, 14 running)
[13,680 / 14,581] Compiling mlir/lib/Dialect/LLVMIR/IR/LLVMDialect.cpp; 75s remote-cache, linux-sandbox ... (16 actions, 14 running)
[13,687 / 14,581] Compiling mlir/lib/Dialect/LLVMIR/IR/LLVMDialect.cpp; 76s remote-cache, linux-sandbox ... (16 actions, 15 running)
[13,692 / 14,581] Compiling mlir/lib/Dialect/LLVMIR/IR/LLVMDialect.cpp; 77s remote-cache, linux-sandbox ... (16 actions, 15 running)
[13,694 / 14,581] Compiling mlir/lib/Dialect/LLVMIR/IR/LLVMDialect.cpp; 79s remote-cache, linux-sandbox ... (15 actions running)
[13,699 / 14,581] Compiling mlir/lib/Dialect/LLVMIR/IR/LLVMDialect.cpp; 80s remote-cache, linux-sandbox ... (16 actions, 14 running)
[13,702 / 14,581] Compiling mlir/lib/Dialect/LLVMIR/IR/LLVMDialect.cpp; 81s remote-cache, linux-sandbox ... (16 actions, 15 running)
[13,707 / 14,581] Compiling mlir/lib/Dialect/GPU/IR/GPUDialect.cpp; 19s remote-cache, linux-sandbox ... (16 actions, 15 running)
[13,712 / 14,581] Compiling mlir/lib/Dialect/GPU/IR/GPUDialect.cpp; 20s remote-cache, linux-sandbox ... (16 actions, 15 running)
[13,716 / 14,581] Compiling mlir/lib/Dialect/GPU/IR/GPUDialect.cpp; 21s remote-cache, linux-sandbox ... (16 actions, 15 running)
[13,719 / 14,581] Compiling mlir/lib/Dialect/GPU/IR/GPUDialect.cpp; 22s remote-cache, linux-sandbox ... (16 actions, 15 running)
[13,723 / 14,581] Compiling mlir/lib/Dialect/GPU/IR/GPUDialect.cpp; 23s remote-cache, linux-sandbox ... (16 actions running)
[13,727 / 14,581] Compiling mlir/lib/Dialect/GPU/IR/GPUDialect.cpp; 24s remote-cache, linux-sandbox ... (16 actions, 15 running)
[13,733 / 14,581] Compiling mlir/lib/Dialect/GPU/IR/GPUDialect.cpp; 25s remote-cache, linux-sandbox ... (16 actions, 15 running)
[13,735 / 14,581] Compiling mlir/lib/Dialect/GPU/IR/GPUDialect.cpp; 27s remote-cache, linux-sandbox ... (16 actions, 15 running)
[13,738 / 14,581] Compiling mlir/lib/Dialect/GPU/IR/GPUDialect.cpp; 28s remote-cache, linux-sandbox ... (16 actions running)
[13,741 / 14,581] Compiling mlir/lib/Dialect/GPU/IR/GPUDialect.cpp; 29s remote-cache, linux-sandbox ... (16 actions running)
[13,747 / 14,581] Compiling mlir/lib/Dialect/GPU/IR/GPUDialect.cpp; 30s remote-cache, linux-sandbox ... (16 actions, 15 running)
[13,751 / 14,581] Compiling mlir/lib/Dialect/GPU/IR/GPUDialect.cpp; 31s remote-cache, linux-sandbox ... (15 actions, 14 running)
[13,756 / 14,581] Compiling mlir/lib/Dialect/GPU/IR/GPUDialect.cpp; 32s remote-cache, linux-sandbox ... (15 actions, 14 running)
[13,761 / 14,581] Compiling mlir/lib/Dialect/OpenMP/IR/OpenMPDialect.cpp; 28s remote-cache, linux-sandbox ... (16 actions, 15 running)
[13,763 / 14,581] Compiling mlir/lib/Dialect/OpenMP/IR/OpenMPDialect.cpp; 29s remote-cache, linux-sandbox ... (16 actions, 15 running)
[13,767 / 14,581] Compiling mlir/lib/Dialect/OpenMP/IR/OpenMPDialect.cpp; 30s remote-cache, linux-sandbox ... (16 actions, 15 running)
[13,805 / 14,581] Compiling mlir/lib/Dialect/OpenMP/IR/OpenMPDialect.cpp; 32s remote-cache, linux-sandbox ... (16 actions, 15 running)
[13,810 / 14,581] Compiling mlir/lib/Dialect/OpenMP/IR/OpenMPDialect.cpp; 33s remote-cache, linux-sandbox ... (16 actions, 15 running)
[13,812 / 14,581] Compiling mlir/lib/Dialect/OpenMP/IR/OpenMPDialect.cpp; 34s remote-cache, linux-sandbox ... (16 actions, 14 running)
[13,815 / 14,581] Compiling mlir/lib/Dialect/OpenMP/IR/OpenMPDialect.cpp; 35s remote-cache, linux-sandbox ... (16 actions, 14 running)
[13,819 / 14,581] Compiling mlir/lib/Dialect/OpenMP/IR/OpenMPDialect.cpp; 36s remote-cache, linux-sandbox ... (16 actions, 15 running)
[13,821 / 14,581] Compiling mlir/lib/Dialect/OpenMP/IR/OpenMPDialect.cpp; 37s remote-cache, linux-sandbox ... (16 actions running)
[13,825 / 14,581] Compiling mlir/lib/Dialect/OpenMP/IR/OpenMPDialect.cpp; 39s remote-cache, linux-sandbox ... (16 actions, 15 running)
[13,830 / 14,581] Compiling mlir/lib/Conversion/FuncToLLVM/FuncToLLVM.cpp; 7s remote-cache, linux-sandbox ... (16 actions, 15 running)
[13,834 / 14,581] Compiling lib/Dialect/TensorExt/Transforms/InsertRotate.cpp; 6s remote-cache, linux-sandbox ... (16 actions, 14 running)
[13,838 / 14,581] Compiling lib/Dialect/TensorExt/Transforms/InsertRotate.cpp; 7s remote-cache, linux-sandbox ... (16 actions, 15 running)
[13,839 / 14,581] Compiling lib/Dialect/TensorExt/Transforms/InsertRotate.cpp; 8s remote-cache, linux-sandbox ... (16 actions running)
[13,843 / 14,581] Compiling lib/Dialect/TensorExt/Transforms/InsertRotate.cpp; 9s remote-cache, linux-sandbox ... (16 actions running)
[13,846 / 14,581] Compiling lib/Dialect/TensorExt/Transforms/InsertRotate.cpp; 11s remote-cache, linux-sandbox ... (16 actions running)
[13,852 / 14,581] Compiling lib/Dialect/TensorExt/Transforms/InsertRotate.cpp; 12s remote-cache, linux-sandbox ... (16 actions, 14 running)
[13,856 / 14,581] Compiling lib/Dialect/TensorExt/Transforms/InsertRotate.cpp; 13s remote-cache, linux-sandbox ... (16 actions, 15 running)
[13,862 / 14,581] Compiling lib/Dialect/Openfhe/IR/OpenfheDialect.cpp; 13s remote-cache, linux-sandbox ... (16 actions, 14 running)
[13,865 / 14,581] Compiling mlir/lib/Dialect/ArmSVE/IR/ArmSVEDialect.cpp; 8s remote-cache, linux-sandbox ... (16 actions, 15 running)
[13,867 / 14,581] Compiling mlir/lib/Dialect/ArmSVE/IR/ArmSVEDialect.cpp; 9s remote-cache, linux-sandbox ... (16 actions, 15 running)
[13,871 / 14,581] Compiling mlir/lib/Dialect/ArmSVE/IR/ArmSVEDialect.cpp; 10s remote-cache, linux-sandbox ... (16 actions, 14 running)
[13,877 / 14,581] Compiling llvm/lib/Frontend/OpenMP/OMPIRBuilder.cpp; 7s remote-cache, linux-sandbox ... (16 actions, 15 running)
[13,880 / 14,581] Compiling llvm/lib/Frontend/OpenMP/OMPIRBuilder.cpp; 8s remote-cache, linux-sandbox ... (16 actions, 15 running)
[13,882 / 14,581] Compiling llvm/lib/Frontend/OpenMP/OMPIRBuilder.cpp; 9s remote-cache, linux-sandbox ... (16 actions running)
[13,887 / 14,581] Compiling llvm/lib/Frontend/OpenMP/OMPIRBuilder.cpp; 10s remote-cache, linux-sandbox ... (16 actions, 15 running)
[13,890 / 14,581] Compiling llvm/lib/Frontend/OpenMP/OMPIRBuilder.cpp; 11s remote-cache, linux-sandbox ... (16 actions, 15 running)
[13,897 / 14,581] Compiling llvm/lib/Frontend/OpenMP/OMPIRBuilder.cpp; 12s remote-cache, linux-sandbox ... (16 actions, 14 running)
[13,899 / 14,581] Compiling mlir/lib/Dialect/Shard/Transforms/Partition.cpp; 5s remote-cache, linux-sandbox ... (16 actions, 15 running)
[13,904 / 14,581] Compiling lib/Transforms/MemrefToArith/ExtractLoopBody.cpp; 4s remote-cache, linux-sandbox ... (16 actions, 15 running)
[13,908 / 14,581] Compiling lib/Transforms/MemrefToArith/ExtractLoopBody.cpp; 5s remote-cache, linux-sandbox ... (16 actions, 14 running)
[13,912 / 14,581] Compiling llvm/lib/Analysis/ScalarEvolution.cpp; 5s remote-cache, linux-sandbox ... (16 actions, 15 running)
[13,915 / 14,581] Compiling llvm/lib/Analysis/ScalarEvolution.cpp; 6s remote-cache, linux-sandbox ... (16 actions, 15 running)
[13,919 / 14,581] Compiling llvm/lib/Analysis/ScalarEvolution.cpp; 7s remote-cache, linux-sandbox ... (16 actions, 15 running)
[13,923 / 14,581] Compiling llvm/lib/Analysis/ScalarEvolution.cpp; 8s remote-cache, linux-sandbox ... (16 actions running)
[13,928 / 14,581] Compiling llvm/lib/Analysis/ScalarEvolution.cpp; 9s remote-cache, linux-sandbox ... (16 actions, 15 running)
[13,930 / 14,581] Compiling llvm/lib/Analysis/ScalarEvolution.cpp; 10s remote-cache, linux-sandbox ... (16 actions, 15 running)
[13,937 / 14,581] Compiling llvm/lib/Analysis/ScalarEvolution.cpp; 11s remote-cache, linux-sandbox ... (16 actions, 14 running)
[13,938 / 14,581] Compiling llvm/lib/Analysis/ScalarEvolution.cpp; 12s remote-cache, linux-sandbox ... (16 actions, 15 running)
[13,944 / 14,581] Compiling llvm/lib/Analysis/ScalarEvolution.cpp; 13s remote-cache, linux-sandbox ... (16 actions, 15 running)
[13,951 / 14,581] Compiling mlir/lib/Dialect/Arith/Transforms/ReifyValueBounds.cpp; 3s remote-cache, linux-sandbox ... (16 actions, 15 running)
[13,955 / 14,581] Compiling mlir/lib/Dialect/Arith/Transforms/IntRangeOptimizations.cpp; 2s remote-cache, linux-sandbox ... (16 actions, 15 running)
[13,957 / 14,581] Compiling mlir/lib/Dialect/Arith/Transforms/IntRangeOptimizations.cpp; 4s remote-cache, linux-sandbox ... (16 actions, 15 running)
[13,958 / 14,581] Compiling mlir/lib/Dialect/Arith/Transforms/IntRangeOptimizations.cpp; 5s remote-cache, linux-sandbox ... (16 actions, 15 running)
[13,962 / 14,581] Compiling mlir/lib/Dialect/Arith/Transforms/EmulateWideInt.cpp; 5s remote-cache, linux-sandbox ... (16 actions, 15 running)
[13,967 / 14,581] Compiling lib/Target/JaxiteWord/JaxiteWordEmitter.cpp; 6s remote-cache, linux-sandbox ... (16 actions, 15 running)
[13,971 / 14,581] Compiling lib/Transforms/PolynomialApproximation/PolynomialApproximation.cpp; 5s remote-cache, linux-sandbox ... (16 actions, 14 running)
[13,974 / 14,581] Compiling lib/Transforms/PolynomialApproximation/PolynomialApproximation.cpp; 6s remote-cache, linux-sandbox ... (16 actions, 15 running)
[13,978 / 14,581] Compiling lib/Dialect/JaxiteWord/IR/JaxiteWordDialect.cpp; 4s remote-cache, linux-sandbox ... (16 actions running)
[13,980 / 14,581] Compiling lib/Dialect/JaxiteWord/IR/JaxiteWordDialect.cpp; 5s remote-cache, linux-sandbox ... (16 actions running)
[13,984 / 14,581] Compiling lib/Dialect/JaxiteWord/IR/JaxiteWordDialect.cpp; 7s remote-cache, linux-sandbox ... (16 actions, 15 running)
[13,991 / 14,581] Compiling lib/Dialect/Polynomial/IR/PolynomialDialect.cpp; 8s remote-cache, linux-sandbox ... (16 actions running)
[13,994 / 14,581] Compiling lib/Dialect/Polynomial/IR/PolynomialDialect.cpp; 9s remote-cache, linux-sandbox ... (16 actions, 15 running)
[13,998 / 14,581] Compiling mlir/lib/Dialect/Vector/IR/VectorOps.cpp; 9s remote-cache, linux-sandbox ... (16 actions, 15 running)
[14,001 / 14,581] Compiling mlir/lib/Dialect/Vector/IR/VectorOps.cpp; 10s remote-cache, linux-sandbox ... (16 actions, 15 running)
[14,008 / 14,581] Compiling mlir/lib/Dialect/Vector/IR/VectorOps.cpp; 11s remote-cache, linux-sandbox ... (16 actions, 14 running)
[14,011 / 14,581] Compiling mlir/lib/Dialect/Vector/IR/VectorOps.cpp; 12s remote-cache, linux-sandbox ... (16 actions, 15 running)
[14,017 / 14,581] Compiling mlir/lib/Dialect/Vector/IR/VectorOps.cpp; 13s remote-cache, linux-sandbox ... (16 actions, 14 running)
[14,019 / 14,581] Compiling mlir/lib/Dialect/Vector/IR/VectorOps.cpp; 14s remote-cache, linux-sandbox ... (16 actions, 15 running)
[14,023 / 14,581] Compiling mlir/lib/Dialect/Vector/IR/VectorOps.cpp; 15s remote-cache, linux-sandbox ... (16 actions, 15 running)
[14,027 / 14,581] Compiling mlir/lib/Dialect/Vector/IR/VectorOps.cpp; 17s remote-cache, linux-sandbox ... (16 actions running)
[14,030 / 14,581] Compiling mlir/lib/Dialect/Vector/IR/VectorOps.cpp; 18s remote-cache, linux-sandbox ... (16 actions, 15 running)
[14,035 / 14,581] Compiling mlir/lib/Dialect/Vector/IR/VectorOps.cpp; 19s remote-cache, linux-sandbox ... (16 actions, 15 running)
[14,039 / 14,581] Compiling mlir/lib/Dialect/Vector/IR/VectorOps.cpp; 21s remote-cache, linux-sandbox ... (16 actions, 15 running)
[14,047 / 14,581] Compiling mlir/lib/Dialect/Vector/IR/VectorOps.cpp; 22s remote-cache, linux-sandbox ... (16 actions, 15 running)
[14,049 / 14,581] Compiling mlir/lib/Dialect/Vector/IR/VectorOps.cpp; 23s remote-cache, linux-sandbox ... (16 actions, 14 running)
[14,054 / 14,581] Compiling mlir/lib/Dialect/Vector/IR/VectorOps.cpp; 24s remote-cache, linux-sandbox ... (16 actions, 13 running)
[14,058 / 14,581] Compiling mlir/lib/Dialect/Vector/IR/VectorOps.cpp; 25s remote-cache, linux-sandbox ... (16 actions, 13 running)
[14,064 / 14,581] Compiling mlir/lib/Dialect/Linalg/Utils/Utils.cpp; 7s remote-cache, linux-sandbox ... (16 actions, 15 running)
[14,065 / 14,581] Compiling mlir/lib/Dialect/Linalg/Utils/Utils.cpp; 8s remote-cache, linux-sandbox ... (16 actions running)
[14,070 / 14,581] Compiling lib/Dialect/BGV/IR/BGVDialect.cpp; 4s remote-cache, linux-sandbox ... (16 actions, 14 running)
[14,075 / 14,581] Compiling lib/Dialect/BGV/IR/BGVDialect.cpp; 5s remote-cache, linux-sandbox ... (16 actions, 15 running)
[14,079 / 14,581] Compiling lib/Dialect/BGV/IR/BGVDialect.cpp; 6s remote-cache, linux-sandbox ... (16 actions, 15 running)
[14,084 / 14,581] Compiling lib/Dialect/CGGI/IR/CGGIDialect.cpp; 6s remote-cache, linux-sandbox ... (16 actions, 15 running)
[14,088 / 14,581] Compiling lib/Dialect/CGGI/IR/CGGIDialect.cpp; 7s remote-cache, linux-sandbox ... (16 actions, 15 running)
[14,091 / 14,581] Compiling lib/Dialect/CGGI/IR/CGGIDialect.cpp; 8s remote-cache, linux-sandbox ... (16 actions, 14 running)
[14,094 / 14,581] Compiling lib/Dialect/CGGI/IR/CGGIDialect.cpp; 9s remote-cache, linux-sandbox ... (16 actions, 15 running)
[14,099 / 14,581] Compiling lib/Dialect/CGGI/IR/CGGIDialect.cpp; 10s remote-cache, linux-sandbox ... (16 actions, 14 running)
[14,103 / 14,581] Compiling lib/Dialect/CGGI/IR/CGGIDialect.cpp; 11s remote-cache, linux-sandbox ... (16 actions running)
[14,105 / 14,581] Compiling lib/Dialect/LWE/IR/LWEDialect.cpp; 7s remote-cache, linux-sandbox ... (16 actions, 15 running)
[14,112 / 14,581] Compiling lib/Dialect/LWE/IR/LWEDialect.cpp; 8s remote-cache, linux-sandbox ... (16 actions, 15 running)
[14,117 / 14,581] Compiling lib/Dialect/LWE/IR/LWEDialect.cpp; 10s remote-cache, linux-sandbox ... (16 actions, 15 running)
[14,122 / 14,581] Compiling lib/Dialect/LWE/IR/LWEDialect.cpp; 11s remote-cache, linux-sandbox ... (16 actions running)
[14,127 / 14,581] Compiling lib/Dialect/CGGI/Conversions/CGGIToSCIFRBool/CGGIToSCIFRBool.cpp; 5s remote-cache, linux-sandbox ... (16 actions running)
[14,131 / 14,581] Compiling lib/Dialect/Arith/Conversions/ArithToCGGI/ArithToCGGI.cpp; 5s remote-cache, linux-sandbox ... (16 actions, 15 running)
[14,139 / 14,581] Compiling lib/Dialect/Arith/Conversions/ArithToCGGI/ArithToCGGI.cpp; 6s remote-cache, linux-sandbox ... (16 actions, 15 running)
[14,142 / 14,581] Compiling lib/Dialect/Arith/Conversions/ArithToCGGI/ArithToCGGI.cpp; 7s remote-cache, linux-sandbox ... (16 actions, 14 running)
[14,149 / 14,581] Compiling lib/Dialect/Arith/Conversions/ArithToCGGI/ArithToCGGI.cpp; 8s remote-cache, linux-sandbox ... (16 actions, 15 running)
[14,155 / 14,581] Compiling mlir/lib/Dialect/Affine/Transforms/DecomposeAffineOps.cpp; 2s remote-cache, linux-sandbox ... (16 actions, 15 running)
[14,159 / 14,581] Compiling mlir/lib/Dialect/Affine/Transforms/DecomposeAffineOps.cpp; 3s remote-cache, linux-sandbox ... (16 actions, 15 running)
[14,160 / 14,581] Compiling mlir/lib/Dialect/MemRef/Transforms/FoldMemRefAliasOps.cpp; 3s remote-cache, linux-sandbox ... (16 actions running)
[14,165 / 14,581] Compiling mlir/lib/Dialect/MemRef/Transforms/FoldMemRefAliasOps.cpp; 4s remote-cache, linux-sandbox ... (16 actions, 15 running)
[14,171 / 14,581] Compiling llvm/lib/Transforms/Scalar/GVN.cpp; 6s remote-cache, linux-sandbox ... (16 actions, 15 running)
[14,177 / 14,581] Compiling llvm/lib/Transforms/Utils/SimplifyCFG.cpp; 6s remote-cache, linux-sandbox ... (16 actions, 15 running)
[14,179 / 14,581] Compiling llvm/lib/Transforms/Utils/SimplifyCFG.cpp; 7s remote-cache, linux-sandbox ... (16 actions running)
[14,180 / 14,581] Compiling llvm/lib/Transforms/Utils/SimplifyCFG.cpp; 8s remote-cache, linux-sandbox ... (16 actions running)
[14,187 / 14,581] Compiling llvm/lib/Transforms/Utils/SimplifyCFG.cpp; 9s remote-cache, linux-sandbox ... (16 actions, 15 running)
[14,193 / 14,581] Compiling mlir/lib/Dialect/MemRef/Transforms/RuntimeOpVerification.cpp; 4s remote-cache, linux-sandbox ... (16 actions, 15 running)
[14,197 / 14,581] Compiling lib/Dialect/Arith/Conversions/ArithToModArith/ArithToModArith.cpp; 5s remote-cache, linux-sandbox ... (16 actions, 15 running)
[14,202 / 14,581] Compiling mlir/lib/Dialect/MemRef/Transforms/ResolveShapedTypeResultDims.cpp; 4s remote-cache, linux-sandbox ... (16 actions, 14 running)
[14,206 / 14,581] Compiling mlir/lib/Dialect/MemRef/Transforms/ReifyResultShapes.cpp; 4s remote-cache, linux-sandbox ... (16 actions, 15 running)
[14,212 / 14,581] Compiling llvm/lib/Transforms/Scalar/GVNSink.cpp; 4s remote-cache, linux-sandbox ... (16 actions, 14 running)
[14,217 / 14,581] Compiling lib/Target/OpenFhePke/OpenFhePkeEmitter.cpp; 4s remote-cache, linux-sandbox ... (16 actions, 15 running)
[14,218 / 14,581] Compiling lib/Target/OpenFhePke/OpenFhePkeEmitter.cpp; 5s remote-cache, linux-sandbox ... (16 actions, 15 running)
[14,220 / 14,581] Compiling lib/Target/OpenFhePke/OpenFhePkeEmitter.cpp; 7s remote-cache, linux-sandbox ... (16 actions running)
[14,228 / 14,581] Compiling lib/Target/OpenFhePke/OpenFhePkeEmitter.cpp; 8s remote-cache, linux-sandbox ... (16 actions, 15 running)
[14,234 / 14,581] Compiling lib/Target/OpenFhePke/OpenFhePkeEmitter.cpp; 9s remote-cache, linux-sandbox ... (16 actions, 15 running)
[14,239 / 14,581] Compiling mlir/lib/Dialect/Linalg/IR/LinalgOps.cpp; 8s remote-cache, linux-sandbox ... (16 actions, 15 running)
[14,242 / 14,581] Compiling mlir/lib/Dialect/Linalg/IR/LinalgOps.cpp; 9s remote-cache, linux-sandbox ... (16 actions, 15 running)
[14,247 / 14,581] Compiling mlir/lib/Dialect/Linalg/IR/LinalgOps.cpp; 10s remote-cache, linux-sandbox ... (16 actions, 15 running)
[14,251 / 14,581] Compiling mlir/lib/Dialect/Linalg/IR/LinalgOps.cpp; 11s remote-cache, linux-sandbox ... (16 actions, 15 running)
[14,256 / 14,581] Compiling mlir/lib/Dialect/Linalg/IR/LinalgOps.cpp; 12s remote-cache, linux-sandbox ... (16 actions, 14 running)
[14,261 / 14,581] Compiling mlir/lib/Dialect/Linalg/IR/LinalgOps.cpp; 13s remote-cache, linux-sandbox ... (16 actions running)
[14,265 / 14,581] Compiling mlir/lib/Dialect/Linalg/IR/LinalgOps.cpp; 14s remote-cache, linux-sandbox ... (16 actions, 15 running)
[14,269 / 14,581] Compiling mlir/lib/Dialect/Linalg/IR/LinalgOps.cpp; 15s remote-cache, linux-sandbox ... (16 actions, 15 running)
[14,273 / 14,581] Compiling mlir/lib/Dialect/Linalg/IR/LinalgOps.cpp; 17s remote-cache, linux-sandbox ... (16 actions, 15 running)
[14,277 / 14,581] Compiling mlir/lib/Dialect/Linalg/IR/LinalgOps.cpp; 18s remote-cache, linux-sandbox ... (16 actions, 14 running)
[14,282 / 14,581] Compiling mlir/lib/Dialect/Linalg/IR/LinalgOps.cpp; 19s remote-cache, linux-sandbox ... (16 actions, 15 running)
[14,285 / 14,581] Compiling mlir/lib/Dialect/Linalg/IR/LinalgOps.cpp; 20s remote-cache, linux-sandbox ... (16 actions, 14 running)
INFO: From Compiling lib/Transforms/CoyoteVectorizer/CoyoteVectorizer.cpp:
In file included from lib/Transforms/CoyoteVectorizer/CoyoteVectorizer.cpp:23:
lib/Transforms/CoyoteVectorizer/Optimizations.h:484:5: warning: ignoring return value of type 'LogicalResult' declared with 'nodiscard' attribute [-Wunused-value]
  484 |     func.insertArgument(newFuncIdx, secretVecType, argAttrs, loc);
      |     ^~~~~~~~~~~~~~~~~~~~~~~~~~~~~~~~~~~~~~~~~~~~~~~~~~~~~~~~~~~~~
lib/Transforms/CoyoteVectorizer/Optimizations.h:1078:32: warning: ignoring return value of type 'LogicalResult' declared with 'nodiscard' attribute [-Wunused-value]
 1078 |     if (funcArgsToErase.any()) func.eraseArguments(funcArgsToErase);
      |                                ^~~~~~~~~~~~~~~~~~~~~~~~~~~~~~~~~~~~
lib/Transforms/CoyoteVectorizer/Optimizations.h:1137:23: warning: ignoring return value of type 'LogicalResult' declared with 'nodiscard' attribute [-Wunused-value]
 1137 |   if (deadArgs.any()) func.eraseArguments(deadArgs);
      |                       ^~~~~~~~~~~~~~~~~~~~~~~~~~~~~
In file included from lib/Transforms/CoyoteVectorizer/CoyoteVectorizer.cpp:25:
lib/Transforms/CoyoteVectorizer/SimulatedAnnealing.h:312:13: warning: unused function 'printGraph' [-Wunused-function]
  312 | static void printGraph(const CircuitGraph& g, llvm::StringRef label = "") {
      |             ^~~~~~~~~~
4 warnings generated.
[14,290 / 14,581] Compiling mlir/lib/Dialect/Linalg/IR/LinalgOps.cpp; 21s remote-cache, linux-sandbox ... (16 actions running)
[14,292 / 14,581] Compiling mlir/lib/Dialect/Linalg/IR/LinalgOps.cpp; 22s remote-cache, linux-sandbox ... (16 actions, 15 running)
[14,296 / 14,581] Compiling mlir/lib/Dialect/Linalg/IR/LinalgOps.cpp; 23s remote-cache, linux-sandbox ... (16 actions, 15 running)
[14,299 / 14,581] Compiling mlir/lib/Dialect/Linalg/IR/LinalgOps.cpp; 24s remote-cache, linux-sandbox ... (16 actions, 15 running)
[14,303 / 14,581] Compiling mlir/lib/Dialect/Linalg/IR/LinalgOps.cpp; 26s remote-cache, linux-sandbox ... (16 actions, 15 running)
[14,306 / 14,581] Compiling mlir/lib/Dialect/Linalg/IR/LinalgOps.cpp; 27s remote-cache, linux-sandbox ... (16 actions, 15 running)
[14,308 / 14,581] Compiling mlir/lib/Dialect/Linalg/IR/LinalgOps.cpp; 28s remote-cache, linux-sandbox ... (16 actions running)
INFO: From Compiling lib/Transforms/RecursiveCallVectorization/MergeSchedules.cpp:
lib/Transforms/RecursiveCallVectorization/MergeSchedules.cpp:1019:18: warning: unused variable 'parentFunc' [-Wunused-variable]
 1019 |     func::FuncOp parentFunc = calls[i]->getParentOfType<func::FuncOp>();
      |                  ^~~~~~~~~~
In file included from lib/Transforms/RecursiveCallVectorization/MergeSchedules.cpp:15:
./lib/Transforms/RecursiveCallVectorization/Utils.h:218:22: warning: unused function 'redirectCallToDummy' [-Wunused-function]
  218 | static LogicalResult redirectCallToDummy(func::CallOp call) {
      |                      ^~~~~~~~~~~~~~~~~~~
2 warnings generated.
[14,313 / 14,581] Compiling mlir/lib/Dialect/Linalg/IR/LinalgOps.cpp; 29s remote-cache, linux-sandbox ... (16 actions, 15 running)
[14,319 / 14,581] Compiling mlir/lib/Dialect/Linalg/IR/LinalgOps.cpp; 30s remote-cache, linux-sandbox ... (16 actions, 14 running)
[14,324 / 14,581] Compiling mlir/lib/Dialect/Linalg/IR/LinalgOps.cpp; 32s remote-cache, linux-sandbox ... (16 actions running)
[14,328 / 14,581] Compiling mlir/lib/Dialect/Linalg/IR/LinalgOps.cpp; 33s remote-cache, linux-sandbox ... (16 actions, 15 running)
[14,331 / 14,581] Compiling mlir/lib/Dialect/Linalg/IR/LinalgOps.cpp; 34s remote-cache, linux-sandbox ... (16 actions, 15 running)
[14,334 / 14,581] Compiling mlir/lib/Dialect/Linalg/IR/LinalgOps.cpp; 36s remote-cache, linux-sandbox ... (16 actions, 15 running)
[14,340 / 14,581] Compiling lib/Transforms/RecursiveCallVectorization/RecursiveCallVectorization.cpp; 7s remote-cache, linux-sandbox ... (16 actions, 15 running)
[14,341 / 14,581] Compiling lib/Transforms/RecursiveCallVectorization/RecursiveCallVectorization.cpp; 8s remote-cache, linux-sandbox ... (16 actions, 15 running)
[14,348 / 14,581] Compiling lib/Transforms/RecursiveCallVectorization/RecursiveCallVectorization.cpp; 9s remote-cache, linux-sandbox ... (16 actions running)
[14,350 / 14,581] Compiling lib/Transforms/RecursiveCallVectorization/RecursiveCallVectorization.cpp; 10s remote-cache, linux-sandbox ... (16 actions, 15 running)
INFO: From Compiling lib/Transforms/RecursiveCallVectorization/RecursiveCallVectorization.cpp:
In file included from lib/Transforms/RecursiveCallVectorization/RecursiveCallVectorization.cpp:13:
In file included from ./lib/Transforms/RecursiveCallVectorization/CoyoteCaller.h:5:
./lib/Transforms/CoyoteVectorizer/Optimizations.h:484:5: warning: ignoring return value of type 'LogicalResult' declared with 'nodiscard' attribute [-Wunused-value]
  484 |     func.insertArgument(newFuncIdx, secretVecType, argAttrs, loc);
      |     ^~~~~~~~~~~~~~~~~~~~~~~~~~~~~~~~~~~~~~~~~~~~~~~~~~~~~~~~~~~~~
./lib/Transforms/CoyoteVectorizer/Optimizations.h:1078:32: warning: ignoring return value of type 'LogicalResult' declared with 'nodiscard' attribute [-Wunused-value]
 1078 |     if (funcArgsToErase.any()) func.eraseArguments(funcArgsToErase);
      |                                ^~~~~~~~~~~~~~~~~~~~~~~~~~~~~~~~~~~~
./lib/Transforms/CoyoteVectorizer/Optimizations.h:1137:23: warning: ignoring return value of type 'LogicalResult' declared with 'nodiscard' attribute [-Wunused-value]
 1137 |   if (deadArgs.any()) func.eraseArguments(deadArgs);
      |                       ^~~~~~~~~~~~~~~~~~~~~~~~~~~~~
In file included from lib/Transforms/RecursiveCallVectorization/RecursiveCallVectorization.cpp:13:
./lib/Transforms/RecursiveCallVectorization/CoyoteCaller.h:96:15: warning: unused variable 'yieldedVal' [-Wunused-variable]
   96 |         Value yieldedVal = yieldOp->getOperand(resultIdx);
      |               ^~~~~~~~~~
./lib/Transforms/RecursiveCallVectorization/CoyoteCaller.h:156:14: warning: unused variable 'use' [-Wunused-variable]
  156 |   for (auto &use : inputTensor.getUses()) {
      |              ^~~
lib/Transforms/RecursiveCallVectorization/RecursiveCallVectorization.cpp:97:9: warning: unused variable 'outValue' [-Wunused-variable]
   97 |     int outValue = attr.getInt();
      |         ^~~~~~~~
lib/Transforms/RecursiveCallVectorization/RecursiveCallVectorization.cpp:581:11: warning: ignoring return value of type 'LogicalResult' declared with 'nodiscard' attribute [-Wunused-value]
  581 |           mergeSchedulesWithNW(functionsToMerge, schedulesToMerge, merged,
      |           ^~~~~~~~~~~~~~~~~~~~~~~~~~~~~~~~~~~~~~~~~~~~~~~~~~~~~~~~~~~~~~~~
  582 |                                finalSchedule);
      |                                ~~~~~~~~~~~~~~
lib/Transforms/RecursiveCallVectorization/RecursiveCallVectorization.cpp:782:11: warning: ignoring return value of type 'LogicalResult' declared with 'nodiscard' attribute [-Wunused-value]
  782 |           mergeSchedulesVertically(mergeCallOps, mergeSchedules,
      |           ^~~~~~~~~~~~~~~~~~~~~~~~~~~~~~~~~~~~~~~~~~~~~~~~~~~~~~
  783 |                                    finalKernelSchedule);
      |                                    ~~~~~~~~~~~~~~~~~~~~
lib/Transforms/RecursiveCallVectorization/RecursiveCallVectorization.cpp:817:7: warning: ignoring return value of type 'LogicalResult' declared with 'nodiscard' attribute [-Wunused-value]
  817 |       redirectCallToDummy(calls.second.root->caller);
      |       ^~~~~~~~~~~~~~~~~~~~~~~~~~~~~~~~~~~~~~~~~~~~~~
lib/Transforms/RecursiveCallVectorization/RecursiveCallVectorization.cpp:1362:7: warning: unused variable 'recursiveCallCounter' [-Wunused-variable]
 1362 |   int recursiveCallCounter = 0;
      |       ^~~~~~~~~~~~~~~~~~~~
lib/Transforms/RecursiveCallVectorization/RecursiveCallVectorization.cpp:110:13: warning: unused function 'findBiscottiArrayAttribute' [-Wunused-function]
  110 | static bool findBiscottiArrayAttribute(Value op, StringRef attrName,
      |             ^~~~~~~~~~~~~~~~~~~~~~~~~~
11 warnings generated.
[14,353 / 14,581] Compiling lib/Transforms/LayoutOptimization/LayoutOptimization.cpp; 6s remote-cache, linux-sandbox ... (16 actions, 15 running)
[14,357 / 14,581] Compiling llvm/lib/Transforms/Scalar/LowerMatrixIntrinsics.cpp; 6s remote-cache, linux-sandbox ... (16 actions, 15 running)
[14,362 / 14,581] Compiling lib/Transforms/ConvertSecretExtractToStaticExtract/ConvertSecretExtractToStaticExtract.cpp; 4s remote-cache, linux-sandbox ... (16 actions, 14 running)
[14,366 / 14,581] Compiling llvm/lib/Transforms/Scalar/LoopStrengthReduce.cpp; 5s remote-cache, linux-sandbox ... (16 actions, 14 running)
[14,369 / 14,581] Compiling llvm/lib/Transforms/Scalar/LoopStrengthReduce.cpp; 6s remote-cache, linux-sandbox ... (16 actions, 15 running)
[14,372 / 14,581] Compiling llvm/lib/Transforms/Scalar/LoopStrengthReduce.cpp; 7s remote-cache, linux-sandbox ... (16 actions, 14 running)
[14,374 / 14,581] Compiling llvm/lib/Transforms/Scalar/LoopStrengthReduce.cpp; 8s remote-cache, linux-sandbox ... (16 actions, 15 running)
[14,379 / 14,581] Compiling mlir/lib/Dialect/Linalg/IR/ValueBoundsOpInterfaceImpl.cpp; 5s remote-cache, linux-sandbox ... (16 actions, 13 running)
[14,386 / 14,581] Compiling lib/Analysis/MulDepthAnalysis/MulDepthAnalysis.cpp; 3s remote-cache, linux-sandbox ... (16 actions, 15 running)
[14,388 / 14,581] Compiling lib/Dialect/LWE/Conversions/LWEToPolynomial/LWEToPolynomial.cpp; 4s remote-cache, linux-sandbox ... (16 actions, 15 running)
[14,388 / 14,581] Compiling lib/Dialect/LWE/Conversions/LWEToPolynomial/LWEToPolynomial.cpp; 5s remote-cache, linux-sandbox ... (16 actions running)
[14,394 / 14,581] Compiling mlir/lib/Dialect/Linalg/IR/LinalgDialect.cpp; 5s remote-cache, linux-sandbox ... (16 actions, 15 running)
[14,397 / 14,581] Compiling mlir/lib/Dialect/Linalg/IR/LinalgDialect.cpp; 6s remote-cache, linux-sandbox ... (16 actions, 14 running)
[14,401 / 14,581] Compiling mlir/lib/Dialect/Linalg/IR/LinalgDialect.cpp; 8s remote-cache, linux-sandbox ... (16 actions, 15 running)
[14,404 / 14,581] Compiling mlir/lib/Dialect/Linalg/IR/LinalgDialect.cpp; 9s remote-cache, linux-sandbox ... (16 actions, 14 running)
[14,406 / 14,581] Compiling mlir/lib/Dialect/Linalg/IR/LinalgDialect.cpp; 10s remote-cache, linux-sandbox ... (16 actions, 15 running)
[14,407 / 14,581] Compiling mlir/lib/Dialect/Linalg/IR/LinalgDialect.cpp; 11s remote-cache, linux-sandbox ... (16 actions running)
[14,411 / 14,581] Compiling mlir/lib/Dialect/Linalg/IR/LinalgDialect.cpp; 12s remote-cache, linux-sandbox ... (16 actions, 15 running)
[14,413 / 14,581] Compiling mlir/lib/Dialect/Linalg/IR/LinalgDialect.cpp; 13s remote-cache, linux-sandbox ... (16 actions, 15 running)
[14,417 / 14,581] Compiling mlir/lib/Dialect/Linalg/IR/LinalgDialect.cpp; 15s remote-cache, linux-sandbox ... (16 actions, 15 running)
[14,421 / 14,581] Compiling mlir/lib/Dialect/Linalg/IR/LinalgDialect.cpp; 16s remote-cache, linux-sandbox ... (16 actions, 15 running)
[14,421 / 14,581] Compiling mlir/lib/Dialect/Linalg/IR/LinalgDialect.cpp; 17s remote-cache, linux-sandbox ... (16 actions running)
[14,425 / 14,581] Compiling mlir/lib/Dialect/Linalg/IR/LinalgDialect.cpp; 19s remote-cache, linux-sandbox ... (16 actions, 15 running)
[14,429 / 14,581] Compiling mlir/lib/Dialect/Linalg/IR/LinalgDialect.cpp; 20s remote-cache, linux-sandbox ... (16 actions, 14 running)
[14,431 / 14,581] Compiling mlir/lib/Dialect/Linalg/IR/LinalgDialect.cpp; 21s remote-cache, linux-sandbox ... (16 actions, 14 running)
[14,434 / 14,581] Compiling mlir/lib/Dialect/Linalg/IR/LinalgDialect.cpp; 22s remote-cache, linux-sandbox ... (16 actions, 15 running)
[14,434 / 14,581] Compiling mlir/lib/Dialect/Linalg/IR/LinalgDialect.cpp; 23s remote-cache, linux-sandbox ... (16 actions running)
[14,440 / 14,581] Compiling mlir/lib/Dialect/Linalg/IR/LinalgDialect.cpp; 24s remote-cache, linux-sandbox ... (16 actions running)
[14,443 / 14,581] Compiling mlir/lib/Dialect/Linalg/IR/LinalgDialect.cpp; 26s remote-cache, linux-sandbox ... (16 actions running)
[14,446 / 14,581] Compiling mlir/lib/Dialect/Linalg/IR/LinalgDialect.cpp; 28s remote-cache, linux-sandbox ... (16 actions running)
[14,452 / 14,581] Compiling mlir/lib/Dialect/Linalg/IR/LinalgDialect.cpp; 29s remote-cache, linux-sandbox ... (16 actions, 15 running)
[14,455 / 14,581] Compiling mlir/lib/Dialect/Linalg/IR/LinalgDialect.cpp; 31s remote-cache, linux-sandbox ... (16 actions running)
[14,457 / 14,581] Compiling mlir/lib/Dialect/Linalg/IR/LinalgDialect.cpp; 32s remote-cache, linux-sandbox ... (16 actions, 15 running)
[14,463 / 14,581] Compiling mlir/lib/Dialect/Linalg/IR/LinalgDialect.cpp; 33s remote-cache, linux-sandbox ... (16 actions, 15 running)
[14,468 / 14,581] Compiling mlir/lib/Dialect/Linalg/IR/LinalgDialect.cpp; 35s remote-cache, linux-sandbox ... (16 actions, 15 running)
[14,470 / 14,581] Compiling mlir/lib/Dialect/Linalg/Transforms/BlockPackMatmul.cpp; 6s remote-cache, linux-sandbox ... (16 actions, 15 running)
[14,471 / 14,581] Compiling mlir/lib/Dialect/X86/Transforms/VectorContractBF16ToFMA.cpp; 7s remote-cache, linux-sandbox ... (16 actions, 15 running)
[14,479 / 14,581] Compiling lib/Transforms/SecretInsertMgmt/SecretInsertMgmtPatterns.cpp; 5s remote-cache, linux-sandbox ... (16 actions, 15 running)
[14,482 / 14,581] Compiling mlir/lib/Dialect/Vector/Transforms/VectorDistribute.cpp; 5s remote-cache, linux-sandbox ... (16 actions running)
[14,485 / 14,581] Compiling mlir/lib/Dialect/Vector/Transforms/VectorDistribute.cpp; 7s remote-cache, linux-sandbox ... (16 actions, 15 running)
[14,486 / 14,581] Compiling mlir/lib/Dialect/Vector/Transforms/VectorDistribute.cpp; 8s remote-cache, linux-sandbox ... (16 actions, 15 running)
[14,490 / 14,581] Compiling mlir/lib/Dialect/Linalg/Transforms/BubbleUpExtractSlice.cpp; 5s remote-cache, linux-sandbox ... (16 actions, 15 running)
[14,495 / 14,581] Compiling mlir/lib/Dialect/Linalg/Transforms/BubbleUpExtractSlice.cpp; 6s remote-cache, linux-sandbox ... (16 actions running)
[14,499 / 14,581] Compiling mlir/lib/Dialect/SCF/Transforms/TileUsingInterface.cpp; 5s remote-cache, linux-sandbox ... (16 actions running)
[14,502 / 14,581] Compiling mlir/lib/Dialect/SCF/Transforms/TileUsingInterface.cpp; 7s remote-cache, linux-sandbox ... (16 actions running)
[14,506 / 14,581] Compiling mlir/lib/Dialect/Vector/Transforms/LowerVectorMultiReduction.cpp; 5s remote-cache, linux-sandbox ... (16 actions, 15 running)
[14,511 / 14,581] Compiling mlir/lib/Dialect/SCF/Transforms/ParallelLoopFusion.cpp; 4s remote-cache, linux-sandbox ... (16 actions, 15 running)
[14,515 / 14,581] Compiling mlir/lib/Dialect/SCF/Transforms/ParallelLoopFusion.cpp; 5s remote-cache, linux-sandbox ... (15 actions, 14 running)
[14,517 / 14,581] Compiling mlir/lib/Dialect/SCF/Transforms/ParallelLoopFusion.cpp; 7s remote-cache, linux-sandbox ... (16 actions, 15 running)
[14,519 / 14,581] Compiling mlir/lib/Dialect/Linalg/Transforms/BufferizableOpInterfaceImpl.cpp; 8s remote-cache, linux-sandbox ... (16 actions, 15 running)
[14,524 / 14,581] Compiling mlir/lib/Dialect/Linalg/Transforms/BufferizableOpInterfaceImpl.cpp; 9s remote-cache, linux-sandbox ... (16 actions, 15 running)
[14,526 / 14,581] Compiling mlir/lib/Conversion/VectorToLLVM/ConvertVectorToLLVM.cpp; 6s remote-cache, linux-sandbox ... (16 actions running)
[14,529 / 14,581] Compiling mlir/lib/Conversion/VectorToLLVM/ConvertVectorToLLVM.cpp; 7s remote-cache, linux-sandbox ... (16 actions running)
[14,532 / 14,581] Compiling mlir/lib/Conversion/VectorToLLVM/ConvertVectorToLLVM.cpp; 9s remote-cache, linux-sandbox ... (16 actions, 15 running)
[14,534 / 14,581] Compiling mlir/lib/Dialect/Linalg/Transforms/Vectorization.cpp; 8s remote-cache, linux-sandbox ... (16 actions running)
[14,535 / 14,581] Compiling mlir/lib/Dialect/Linalg/Transforms/Vectorization.cpp; 9s remote-cache, linux-sandbox ... (16 actions running)
[14,537 / 14,581] Compiling mlir/lib/Dialect/Linalg/Transforms/Transforms.cpp; 7s remote-cache, linux-sandbox ... (16 actions, 15 running)
[14,540 / 14,581] Compiling lib/Pipelines/ArithmeticPipelineRegistration.cpp; 8s remote-cache, linux-sandbox ... (16 actions, 15 running)
[14,543 / 14,581] Compiling mlir/lib/Dialect/Linalg/Transforms/TilingInterfaceImpl.cpp; 9s remote-cache, linux-sandbox ... (16 actions running)
[14,546 / 14,581] Compiling mlir/lib/Dialect/Linalg/Transforms/TilingInterfaceImpl.cpp; 11s remote-cache, linux-sandbox ... (16 actions, 15 running)
[14,548 / 14,581] Compiling mlir/lib/Dialect/Linalg/Transforms/TilingInterfaceImpl.cpp; 12s remote-cache, linux-sandbox ... (16 actions, 15 running)
[14,548 / 14,581] Compiling mlir/lib/Dialect/Linalg/Transforms/TilingInterfaceImpl.cpp; 13s remote-cache, linux-sandbox ... (16 actions running)
ERROR: /local/scratch/a/paranjav/.cache/bazel/_bazel_paranjav/f7dbb49b215a4afd20f9b4ab1801bd06/external/+_repo_rules+llvm-project/mlir/BUILD.bazel:11619:11: Compiling mlir/lib/Dialect/Linalg/Transforms/InlineScalarOperands.cpp failed: (Exit 1): clang++ failed: error executing CppCompile command (from target @@+_repo_rules+llvm-project//mlir:LinalgTransforms) external/llvm++llvm_toolchain_minimal+llvm-toolchain-minimal-22.1.7-linux-amd64/bin/clang++ -target x86_64-linux-gnu -no-canonical-prefixes -Wno-builtin-macro-redefined '-D__DATE__="redacted"' ... (remaining 195 arguments skipped)

Use --sandbox_debug to see verbose messages from the sandbox and retain the sandbox build root for debugging
PLEASE submit a bug report to https://github.com/llvm/llvm-project/issues/ and include the crash backtrace, preprocessed source, and associated run script.
Stack dump:
0.  Program arguments: external/llvm++llvm_toolchain_minimal+llvm-toolchain-minimal-22.1.7-linux-amd64/bin/clang++ -target x86_64-linux-gnu -no-canonical-prefixes -Wno-builtin-macro-redefined -D__DATE__=\"redacted\" -D__TIMESTAMP__=\"redacted\" -D__TIME__=\"redacted\" -ffile-compilation-dir=. -Xclang -fno-cxx-modules -Wno-module-import-in-extern-c -Werror=incomplete-umbrella -Wno-modules-import-nested-redundant --sysroot=/dev/null -nostdlibinc -isystem bazel-out/k8-opt/bin/external/llvm++llvm+llvm-project/libcxx/libcxx_headers_include_search_directory -isystem bazel-out/k8-opt/bin/external/llvm++llvm+llvm-project/libcxxabi/libcxxabi_headers_include_search_directory -isystem external/llvm++kernel_headers+linux_kernel_headers_x86.4.19.325/include -isystem external/llvm++glibc+glibc_headers_x86_64-linux-gnu.2.28/include -Xclang -internal-isystem -Xclang external/llvm++llvm+llvm-project/compiler-rt/include -Xclang -internal-isystem -Xclang external/llvm++llvm_toolchain_minimal+llvm-toolchain-minimal-22.1.7-linux-amd64/lib/clang/22/include -Xclang -fmodule-map-file-home-is-cwd -g0 -O2 -D_FORTIFY_SOURCE=1 -DNDEBUG -ffunction-sections -fdata-sections -std=c++17 -fstack-protector -Wall -Wthread-safety -Wself-assign -Wunused-but-set-parameter -Wno-free-nonheap-object -fcolor-diagnostics -fno-omit-frame-pointer -fPIC -DLLVM_ON_UNIX=1 -DHAVE_BACKTRACE=1 -DBACKTRACE_HEADER=<execinfo.h> -DLTDL_SHLIB_EXT=\".so\" -DLLVM_PLUGIN_EXT=\".so\" -DLLVM_ENABLE_LLVM_EXPORT_ANNOTATIONS=1 -DLLVM_ENABLE_PLUGINS=1 -DLLVM_ENABLE_THREADS=1 -DHAVE_DEREGISTER_FRAME=1 -DHAVE_LIBPTHREAD=1 -DHAVE_PTHREAD_GETNAME_NP=1 -DHAVE_PTHREAD_H=1 -DHAVE_PTHREAD_SETNAME_NP=1 -DHAVE_REGISTER_FRAME=1 -DHAVE_SETENV_R=1 -DHAVE_STRERROR_R=1 -DHAVE_SYSEXITS_H=1 -DHAVE_SYS_IOCTL_H=1 -DHAVE_UNISTD_H=1 -D_GNU_SOURCE -DHAVE_GETAUXVAL=1 -DHAVE_MALLINFO=1 -DHAVE_SBRK=1 -DHAVE_STRUCT_STAT_ST_MTIM_TV_NSEC=1 -DHAVE_BUILTIN_THREAD_POINTER -DLLVM_NATIVE_ARCH=\"X86\" -DLLVM_NATIVE_ASMPARSER=LLVMInitializeX86AsmParser -DLLVM_NATIVE_ASMPRINTER=LLVMInitializeX86AsmPrinter -DLLVM_NATIVE_DISASSEMBLER=LLVMInitializeX86Disassembler -DLLVM_NATIVE_TARGET=LLVMInitializeX86Target -DLLVM_NATIVE_TARGETINFO=LLVMInitializeX86TargetInfo -DLLVM_NATIVE_TARGETMC=LLVMInitializeX86TargetMC -DLLVM_NATIVE_TARGETMCA=LLVMInitializeX86TargetMCA -DLLVM_HOST_TRIPLE=\"x86_64-unknown-linux-gnu\" -DLLVM_DEFAULT_TARGET_TRIPLE=\"x86_64-unknown-linux-gnu\" -DLLVM_VERSION_MAJOR=23 -DLLVM_VERSION_MINOR=0 -DLLVM_VERSION_PATCH=0 -DLLVM_VERSION_STRING=\"23.0.0git\" -D__STDC_LIMIT_MACROS -D__STDC_CONSTANT_MACROS -D__STDC_FORMAT_MACROS -DLLVM_HAS_X86_TARGET=1 -DLLVM_HAS_AArch64_TARGET=1 -DLLVM_ENABLE_ZLIB=1 -DLLVM_ENABLE_ZSTD=1 -DZSTD_MULTITHREAD -DBLAKE3_USE_NEON=0 -frandom-seed=bazel-out/k8-opt/bin/external/+_repo_rules+llvm-project/mlir/_objs/LinalgTransforms/InlineScalarOperands.pic.o -iquote external/+_repo_rules+llvm-project -iquote bazel-out/k8-opt/bin/external/+_repo_rules+llvm-project -iquote external/zlib-ng+ -iquote bazel-out/k8-opt/bin/external/zlib-ng+ -iquote external/zstd+ -iquote bazel-out/k8-opt/bin/external/zstd+ -Ibazel-out/k8-opt/bin/external/+_repo_rules+llvm-project/mlir/_virtual_includes/ArithCanonicalizationIncGen -Ibazel-out/k8-opt/bin/external/+_repo_rules+llvm-project/third-party/siphash/_virtual_includes/siphash -Ibazel-out/k8-opt/bin/external/+_repo_rules+llvm-project/mlir/_virtual_includes/AsmParserTokenKinds -isystem external/+_repo_rules+llvm-project/mlir/include -isystem bazel-out/k8-opt/bin/external/+_repo_rules+llvm-project/mlir/include -isystem external/+_repo_rules+llvm-project/llvm/include -isystem bazel-out/k8-opt/bin/external/+_repo_rules+llvm-project/llvm/include -isystem external/zlib-ng+ -isystem bazel-out/k8-opt/bin/external/zlib-ng+ -isystem external/zstd+/lib -isystem bazel-out/k8-opt/bin/external/zstd+/lib -isystem external/+_repo_rules+llvm-project/libc -isystem bazel-out/k8-opt/bin/external/+_repo_rules+llvm-project/libc -MD -MF bazel-out/k8-opt/bin/external/+_repo_rules+llvm-project/mlir/_objs/LinalgTransforms/InlineScalarOperands.pic.d -fdiagnostics-color=always -std=c++20 -c external/+_repo_rules+llvm-project/mlir/lib/Dialect/Linalg/Transforms/InlineScalarOperands.cpp -o bazel-out/k8-opt/bin/external/+_repo_rules+llvm-project/mlir/_objs/LinalgTransforms/InlineScalarOperands.pic.o -fmodules-strict-decluse -Wprivate-header -fmodule-map-file=bazel-out/k8-opt/bin/external/+_repo_rules+llvm-project/mlir/LinalgTransforms.cppmap -fmodule-name=+_repo_rules+llvm-project//mlir:LinalgTransforms -fmodule-map-file=bazel-out/k8-opt/bin/external/llvm++llvm_toolchain_minimal+llvm-toolchain-minimal-22.1.7-linux-amd64/module_map.modulemap -fmodule-map-file=bazel-out/k8-opt/bin/external/+_repo_rules+llvm-project/mlir/AffineAnalysis.cppmap -fmodule-map-file=bazel-out/k8-opt/bin/external/+_repo_rules+llvm-project/mlir/AffineDialect.cppmap -fmodule-map-file=bazel-out/k8-opt/bin/external/+_repo_rules+llvm-project/mlir/AffineTransforms.cppmap -fmodule-map-file=bazel-out/k8-opt/bin/external/+_repo_rules+llvm-project/mlir/AffineUtils.cppmap -fmodule-map-file=bazel-out/k8-opt/bin/external/+_repo_rules+llvm-project/mlir/Analysis.cppmap -fmodule-map-file=bazel-out/k8-opt/bin/external/+_repo_rules+llvm-project/mlir/ArithDialect.cppmap -fmodule-map-file=bazel-out/k8-opt/bin/external/+_repo_rules+llvm-project/mlir/ArithUtils.cppmap -fmodule-map-file=bazel-out/k8-opt/bin/external/+_repo_rules+llvm-project/mlir/BufferizationDialect.cppmap -fmodule-map-file=bazel-out/k8-opt/bin/external/+_repo_rules+llvm-project/mlir/BufferizationInterfaces.cppmap -fmodule-map-file=bazel-out/k8-opt/bin/external/+_repo_rules+llvm-project/mlir/BufferizationTransforms.cppmap -fmodule-map-file=bazel-out/k8-opt/bin/external/+_repo_rules+llvm-project/mlir/ComplexDialect.cppmap -fmodule-map-file=bazel-out/k8-opt/bin/external/+_repo_rules+llvm-project/mlir/ControlFlowDialect.cppmap -fmodule-map-file=bazel-out/k8-opt/bin/external/+_repo_rules+llvm-project/mlir/DestinationStyleOpInterface.cppmap -fmodule-map-file=bazel-out/k8-opt/bin/external/+_repo_rules+llvm-project/mlir/DialectUtils.cppmap -fmodule-map-file=bazel-out/k8-opt/bin/external/+_repo_rules+llvm-project/mlir/FuncDialect.cppmap -fmodule-map-file=bazel-out/k8-opt/bin/external/+_repo_rules+llvm-project/mlir/FuncTransforms.cppmap -fmodule-map-file=bazel-out/k8-opt/bin/external/+_repo_rules+llvm-project/mlir/GPUDialect.cppmap -fmodule-map-file=bazel-out/k8-opt/bin/external/+_repo_rules+llvm-project/mlir/IR.cppmap -fmodule-map-file=bazel-out/k8-opt/bin/external/+_repo_rules+llvm-project/mlir/IndexDialect.cppmap -fmodule-map-file=bazel-out/k8-opt/bin/external/+_repo_rules+llvm-project/mlir/LinalgDialect.cppmap -fmodule-map-file=bazel-out/k8-opt/bin/external/+_repo_rules+llvm-project/mlir/LinalgInterfaces.cppmap -fmodule-map-file=bazel-out/k8-opt/bin/external/+_repo_rules+llvm-project/mlir/LinalgPassIncGen.cppmap -fmodule-map-file=bazel-out/k8-opt/bin/external/+_repo_rules+llvm-project/mlir/LinalgStructuredOpsIncGen.cppmap -fmodule-map-file=bazel-out/k8-opt/bin/external/+_repo_rules+llvm-project/mlir/LinalgUtils.cppmap -fmodule-map-file=bazel-out/k8-opt/bin/external/+_repo_rules+llvm-project/mlir/MaskableOpInterface.cppmap -fmodule-map-file=bazel-out/k8-opt/bin/external/+_repo_rules+llvm-project/mlir/MathDialect.cppmap -fmodule-map-file=bazel-out/k8-opt/bin/external/+_repo_rules+llvm-project/mlir/MemRefDialect.cppmap -fmodule-map-file=bazel-out/k8-opt/bin/external/+_repo_rules+llvm-project/mlir/MemRefTransforms.cppmap -fmodule-map-file=bazel-out/k8-opt/bin/external/+_repo_rules+llvm-project/mlir/Pass.cppmap -fmodule-map-file=bazel-out/k8-opt/bin/external/+_repo_rules+llvm-project/mlir/RuntimeVerifiableOpInterface.cppmap -fmodule-map-file=bazel-out/k8-opt/bin/external/+_repo_rules+llvm-project/mlir/SCFDialect.cppmap -fmodule-map-file=bazel-out/k8-opt/bin/external/+_repo_rules+llvm-project/mlir/SCFTransforms.cppmap -fmodule-map-file=bazel-out/k8-opt/bin/external/+_repo_rules+llvm-project/mlir/SCFUtils.cppmap -fmodule-map-file=bazel-out/k8-opt/bin/external/+_repo_rules+llvm-project/mlir/ShardDialect.cppmap -fmodule-map-file=bazel-out/k8-opt/bin/external/+_repo_rules+llvm-project/mlir/ShardTransforms.cppmap -fmodule-map-file=bazel-out/k8-opt/bin/external/+_repo_rules+llvm-project/mlir/ShardingInterface.cppmap -fmodule-map-file=bazel-out/k8-opt/bin/external/+_repo_rules+llvm-project/mlir/SparseTensorDialect.cppmap -fmodule-map-file=bazel-out/k8-opt/bin/external/+_repo_rules+llvm-project/mlir/SubsetOpInterface.cppmap -fmodule-map-file=bazel-out/k8-opt/bin/external/+_repo_rules+llvm-project/mlir/Support.cppmap -fmodule-map-file=bazel-out/k8-opt/bin/external/+_repo_rules+llvm-project/mlir/TensorDialect.cppmap -fmodule-map-file=bazel-out/k8-opt/bin/external/+_repo_rules+llvm-project/mlir/TensorTilingInterfaceImpl.cppmap -fmodule-map-file=bazel-out/k8-opt/bin/external/+_repo_rules+llvm-project/mlir/TensorTransforms.cppmap -fmodule-map-file=bazel-out/k8-opt/bin/external/+_repo_rules+llvm-project/mlir/TensorUtils.cppmap -fmodule-map-file=bazel-out/k8-opt/bin/external/+_repo_rules+llvm-project/mlir/TilingInterface.cppmap -fmodule-map-file=bazel-out/k8-opt/bin/external/+_repo_rules+llvm-project/mlir/TransformUtils.cppmap -fmodule-map-file=bazel-out/k8-opt/bin/external/+_repo_rules+llvm-project/mlir/UBDialect.cppmap -fmodule-map-file=bazel-out/k8-opt/bin/external/+_repo_rules+llvm-project/mlir/ValueBoundsOpInterface.cppmap -fmodule-map-file=bazel-out/k8-opt/bin/external/+_repo_rules+llvm-project/mlir/VectorDialect.cppmap -fmodule-map-file=bazel-out/k8-opt/bin/external/+_repo_rules+llvm-project/mlir/VectorToSCF.cppmap -fmodule-map-file=bazel-out/k8-opt/bin/external/+_repo_rules+llvm-project/mlir/VectorTransforms.cppmap -fmodule-map-file=bazel-out/k8-opt/bin/external/+_repo_rules+llvm-project/mlir/VectorUtils.cppmap -fmodule-map-file=bazel-out/k8-opt/bin/external/+_repo_rules+llvm-project/mlir/X86Transforms.cppmap -fmodule-map-file=bazel-out/k8-opt/bin/external/+_repo_rules+llvm-project/llvm/Support.cppmap
1.  bazel-out/k8-opt/bin/external/+_repo_rules+llvm-project/mlir/include/mlir/Dialect/Bufferization/IR/AllocationOpInterface.h.inc:112:110: current parser token '{'
2.  bazel-out/k8-opt/bin/external/+_repo_rules+llvm-project/mlir/include/mlir/Dialect/Bufferization/IR/AllocationOpInterface.h.inc:102:1: parsing namespace 'mlir'
3.  bazel-out/k8-opt/bin/external/+_repo_rules+llvm-project/mlir/include/mlir/Dialect/Bufferization/IR/AllocationOpInterface.h.inc:105:3: parsing struct/union/class body 'mlir::bufferization::detail::AllocationOpInterfaceTrait'
4.  bazel-out/k8-opt/bin/external/llvm++llvm+llvm-project/libcxx/libcxx_headers_include_search_directory/optional:802:36: instantiating class definition 'std::optional<mlir::Operation *>'
5.  bazel-out/k8-opt/bin/external/llvm++llvm+llvm-project/libcxx/libcxx_headers_include_search_directory/__type_traits/is_array.h:26:50: instantiating variable definition 'std::is_array_v<mlir::Operation *>'
clang++: error: clang frontend command failed with exit code 135 (use -v to see invocation)
clang version 22.1.7None
Target: x86_64-unknown-linux-gnu
Thread model: posix
InstalledDir: external/llvm++llvm_toolchain_minimal+llvm-toolchain-minimal-22.1.7-linux-amd64/bin
clang++: note: diagnostic msg:
********************

PLEASE ATTACH THE FOLLOWING FILES TO THE BUG REPORT:
Preprocessed source(s) and associated run script(s) are located at:
clang++: note: diagnostic msg: /tmp/InlineScalarOperands-f44078.cpp
clang++: note: diagnostic msg: /tmp/InlineScalarOperands-f44078.sh
clang++: note: diagnostic msg:

********************
Use --verbose_failures to see the command lines of failed build steps.
INFO: Elapsed time: 583.923s, Critical Path: 91.61s
INFO: 8604 processes: 5842 action cache hit, 6179 remote cache hit, 17 internal, 2408 linux-sandbox.
ERROR: Build did NOT complete successfully
FAILED:
INFO: Streaming build results to: https://heir.buildbuddy.io/invocation/0ff2e6af-425c-4948-8ab6-6c795ee86c5a
