INFO: Invocation ID: 5e358a46-6cf9-44d1-8dc1-a022e93fc7e6
INFO: Streaming build results to: https://heir.buildbuddy.io/invocation/5e358a46-6cf9-44d1-8dc1-a022e93fc7e6
Computing main repo mapping:
Loading:
Loading: 0 packages loaded
Analyzing: 2 targets (0 packages loaded, 0 targets configured)
Analyzing: 2 targets (0 packages loaded, 0 targets configured)

INFO: Analyzed 2 targets (0 packages loaded, 0 targets configured).
INFO: Found 2 targets...
INFO: Elapsed time: 1.052s, Critical Path: 0.20s
INFO: 1 process: 9719 action cache hit, 1 internal.
INFO: Build completed successfully, 1 total action
INFO:
INFO: Streaming build results to: https://heir.buildbuddy.io/invocation/5e358a46-6cf9-44d1-8dc1-a022e93fc7e6
=== HEIR pipeline ===
  suite:       det
  kernel:      det_5
  input:       /local/scratch/a/paranjav/biscotti/heir/biscotti-bench/benchmarks/det/src/det_5.mlir
  build dir:   /local/scratch/a/paranjav/biscotti/heir/biscotti-bench/benchmarks/det/build/det_5_baseline
  output dir:  /local/scratch/a/paranjav/biscotti/heir/biscotti-bench/benchmarks/det/output/det_5_baseline
  heir root:   /local/scratch/a/paranjav/biscotti/heir
  coyote:      /local/scratch/a/paranjav/biscotti/heir/lib/Transforms/CoyoteVectorizer/coyote  (biscotti)
  ct_degree:   auto-detect (from post-recursed MLIR)
  recursive-call-vectorization: node-size-threshold=-1

  log:         /local/scratch/a/paranjav/biscotti/heir/biscotti-bench/benchmarks/det/build/det_5_baseline/build.log
  timing:      /local/scratch/a/paranjav/biscotti/heir/biscotti-bench/benchmarks/det/build/det_5_baseline/compile-timing.txt

=== Step 0: heir-opt --recursive-call-vectorization + strip scaffold ===
=== Step 0b: strip biscotti scaffold ===
=== Auto-detected ciphertext-degree=1024 from det_5-recursed.mlir ===
=== Step 1: heir-opt (--mlir-to-bfv, --scheme-to-openfhe) ===
=== Step 2: heir-translate --emit-openfhe-pke → kernel.cpp ===
=== Step 3: heir-translate --emit-openfhe-pke-header → kernel.h ===
=== Step 4: heir-translate --emit-openfhe-pke-harness → benchmark.cpp ===

=== Done ===
  /local/scratch/a/paranjav/biscotti/heir/biscotti-bench/benchmarks/det/build/det_5_baseline/det_5-recursed.mlir
  /local/scratch/a/paranjav/biscotti/heir/biscotti-bench/benchmarks/det/build/det_5_baseline/det_5-openfhe.mlir
  /local/scratch/a/paranjav/biscotti/heir/biscotti-bench/benchmarks/det/output/det_5_baseline/kernel.cpp
  /local/scratch/a/paranjav/biscotti/heir/biscotti-bench/benchmarks/det/output/det_5_baseline/kernel.h
  /local/scratch/a/paranjav/biscotti/heir/biscotti-bench/benchmarks/det/output/det_5_baseline/benchmark.cpp
  /local/scratch/a/paranjav/biscotti/heir/biscotti-bench/benchmarks/det/build/det_5_baseline/build.log
  /local/scratch/a/paranjav/biscotti/heir/biscotti-bench/benchmarks/det/build/det_5_baseline/compile-timing.txt
