INFO: Invocation ID: d159e3f2-e425-4e4e-a6ce-d8b18add7fee
INFO: Streaming build results to: https://heir.buildbuddy.io/invocation/d159e3f2-e425-4e4e-a6ce-d8b18add7fee
Computing main repo mapping:
Loading:
Loading: 0 packages loaded
Analyzing: 2 targets (0 packages loaded, 0 targets configured)
Analyzing: 2 targets (0 packages loaded, 0 targets configured)

INFO: Analyzed 2 targets (0 packages loaded, 0 targets configured).
INFO: Found 2 targets...
INFO: Elapsed time: 0.902s, Critical Path: 0.02s
INFO: 12 processes: 662 action cache hit, 12 internal.
INFO: Build completed successfully, 12 total actions
INFO:
INFO: Streaming build results to: https://heir.buildbuddy.io/invocation/d159e3f2-e425-4e4e-a6ce-d8b18add7fee
=== HEIR pipeline ===
  suite:       conv
  kernel:      conv_4
  input:       /local/scratch/a/paranjav/biscotti/heir/biscotti-bench/benchmarks/conv/src/conv_4.mlir
  build dir:   /local/scratch/a/paranjav/biscotti/heir/biscotti-bench/suite-build-artifacts/conv/build/conv_4
  output dir:  /local/scratch/a/paranjav/biscotti/heir/biscotti-bench/suite-build-artifacts/conv/output/conv_4
  heir root:   /local/scratch/a/paranjav/biscotti/heir
  coyote:      /local/scratch/a/paranjav/biscotti/heir/lib/Transforms/CoyoteVectorizer/coyote  (biscotti)
  ct_degree:   auto-detect (from post-recursed MLIR)
  recursive-call-vectorization: node-size-threshold=100

  log:         /local/scratch/a/paranjav/biscotti/heir/biscotti-bench/suite-build-artifacts/conv/build/conv_4/build.log
  timing:      /local/scratch/a/paranjav/biscotti/heir/biscotti-bench/suite-build-artifacts/conv/build/conv_4/compile-timing.txt

=== Step 0: heir-opt --recursive-call-vectorization + strip scaffold ===
=== Step 0b: strip biscotti scaffold ===
=== Auto-detected ciphertext-degree=256 from conv_4-recursed.mlir ===
=== Step 1: heir-opt (--mlir-to-bfv, --scheme-to-openfhe) ===
=== Step 2: heir-translate --emit-openfhe-pke → kernel.cpp ===
=== Step 3: heir-translate --emit-openfhe-pke-header → kernel.h ===
=== Step 4: heir-translate --emit-openfhe-pke-harness → benchmark.cpp ===

=== Done ===
  /local/scratch/a/paranjav/biscotti/heir/biscotti-bench/suite-build-artifacts/conv/build/conv_4/conv_4-recursed.mlir
  /local/scratch/a/paranjav/biscotti/heir/biscotti-bench/suite-build-artifacts/conv/build/conv_4/conv_4-openfhe.mlir
  /local/scratch/a/paranjav/biscotti/heir/biscotti-bench/suite-build-artifacts/conv/output/conv_4/kernel.cpp
  /local/scratch/a/paranjav/biscotti/heir/biscotti-bench/suite-build-artifacts/conv/output/conv_4/kernel.h
  /local/scratch/a/paranjav/biscotti/heir/biscotti-bench/suite-build-artifacts/conv/output/conv_4/benchmark.cpp
  /local/scratch/a/paranjav/biscotti/heir/biscotti-bench/suite-build-artifacts/conv/build/conv_4/build.log
  /local/scratch/a/paranjav/biscotti/heir/biscotti-bench/suite-build-artifacts/conv/build/conv_4/compile-timing.txt
