INFO: Invocation ID: 0cd8f5bc-b2b8-463d-9e83-9144141b8a5d
INFO: Streaming build results to: https://heir.buildbuddy.io/invocation/0cd8f5bc-b2b8-463d-9e83-9144141b8a5d
Computing main repo mapping:
Loading:
Loading: 0 packages loaded
Analyzing: 2 targets (0 packages loaded, 0 targets configured)
Analyzing: 2 targets (0 packages loaded, 0 targets configured)

INFO: Analyzed 2 targets (0 packages loaded, 0 targets configured).
INFO: Found 2 targets...
INFO: Elapsed time: 1.080s, Critical Path: 0.02s
INFO: 95 processes: 6894 action cache hit, 95 internal.
INFO: Build completed successfully, 95 total actions
INFO:
INFO: Streaming build results to: https://heir.buildbuddy.io/invocation/0cd8f5bc-b2b8-463d-9e83-9144141b8a5d
=== HEIR pipeline ===
  suite:       det
  kernel:      det_4
  input:       /local/scratch/a/paranjav/biscotti/heir/biscotti-bench/benchmarks/det/src/det_4.mlir
  build dir:   /local/scratch/a/paranjav/biscotti/heir/biscotti-bench/suite-build-artifacts/det/build/det_4
  output dir:  /local/scratch/a/paranjav/biscotti/heir/biscotti-bench/suite-build-artifacts/det/output/det_4
  heir root:   /local/scratch/a/paranjav/biscotti/heir
  coyote:      /local/scratch/a/paranjav/biscotti/heir/lib/Transforms/CoyoteVectorizer/coyote  (biscotti)
  ct_degree:   auto-detect (from post-recursed MLIR)
  recursive-call-vectorization: node-size-threshold=8

  log:         /local/scratch/a/paranjav/biscotti/heir/biscotti-bench/suite-build-artifacts/det/build/det_4/build.log
  timing:      /local/scratch/a/paranjav/biscotti/heir/biscotti-bench/suite-build-artifacts/det/build/det_4/compile-timing.txt

=== Step 0: heir-opt --recursive-call-vectorization + strip scaffold ===
=== Step 0b: strip biscotti scaffold ===
=== Auto-detected ciphertext-degree=128 from det_4-recursed.mlir ===
=== Step 1: heir-opt (--mlir-to-bfv, --scheme-to-openfhe) ===
=== Step 2: heir-translate --emit-openfhe-pke → kernel.cpp ===
=== Step 3: heir-translate --emit-openfhe-pke-header → kernel.h ===
=== Step 4: heir-translate --emit-openfhe-pke-harness → benchmark.cpp ===

=== Done ===
  /local/scratch/a/paranjav/biscotti/heir/biscotti-bench/suite-build-artifacts/det/build/det_4/det_4-recursed.mlir
  /local/scratch/a/paranjav/biscotti/heir/biscotti-bench/suite-build-artifacts/det/build/det_4/det_4-openfhe.mlir
  /local/scratch/a/paranjav/biscotti/heir/biscotti-bench/suite-build-artifacts/det/output/det_4/kernel.cpp
  /local/scratch/a/paranjav/biscotti/heir/biscotti-bench/suite-build-artifacts/det/output/det_4/kernel.h
  /local/scratch/a/paranjav/biscotti/heir/biscotti-bench/suite-build-artifacts/det/output/det_4/benchmark.cpp
  /local/scratch/a/paranjav/biscotti/heir/biscotti-bench/suite-build-artifacts/det/build/det_4/build.log
  /local/scratch/a/paranjav/biscotti/heir/biscotti-bench/suite-build-artifacts/det/build/det_4/compile-timing.txt
