INFO: Invocation ID: 7d9c253c-d632-475c-996d-765a020a9465
INFO: Streaming build results to: https://heir.buildbuddy.io/invocation/7d9c253c-d632-475c-996d-765a020a9465
Computing main repo mapping:
Loading:
Loading: 0 packages loaded
Analyzing: 2 targets (0 packages loaded, 0 targets configured)
Analyzing: 2 targets (0 packages loaded, 0 targets configured)

INFO: Analyzed 2 targets (0 packages loaded, 0 targets configured).
INFO: Found 2 targets...
INFO: Elapsed time: 1.042s, Critical Path: 0.03s
INFO: 95 processes: 6894 action cache hit, 95 internal.
INFO: Build completed successfully, 95 total actions
INFO:
INFO: Streaming build results to: https://heir.buildbuddy.io/invocation/7d9c253c-d632-475c-996d-765a020a9465
=== HEIR pipeline ===
  suite:       dot
  kernel:      dot_192
  input:       /local/scratch/a/paranjav/biscotti/heir/biscotti-bench/benchmarks/dot/src/dot_192.mlir
  build dir:   /local/scratch/a/paranjav/biscotti/heir/biscotti-bench/suite-build-artifacts/dot/build/dot_192
  output dir:  /local/scratch/a/paranjav/biscotti/heir/biscotti-bench/suite-build-artifacts/dot/output/dot_192
  heir root:   /local/scratch/a/paranjav/biscotti/heir
  coyote:      /local/scratch/a/paranjav/biscotti/heir/lib/Transforms/CoyoteVectorizer/coyote  (biscotti)
  ct_degree:   auto-detect (from post-recursed MLIR)
  recursive-call-vectorization: node-size-threshold=100

  log:         /local/scratch/a/paranjav/biscotti/heir/biscotti-bench/suite-build-artifacts/dot/build/dot_192/build.log
  timing:      /local/scratch/a/paranjav/biscotti/heir/biscotti-bench/suite-build-artifacts/dot/build/dot_192/compile-timing.txt

=== Step 0: heir-opt --recursive-call-vectorization + strip scaffold ===
=== Step 0b: strip biscotti scaffold ===
=== Auto-detected ciphertext-degree=1024 from dot_192-recursed.mlir ===
=== Step 1: heir-opt (--mlir-to-bfv, --scheme-to-openfhe) ===
=== Step 2: heir-translate --emit-openfhe-pke → kernel.cpp ===
=== Step 3: heir-translate --emit-openfhe-pke-header → kernel.h ===
=== Step 4: heir-translate --emit-openfhe-pke-harness → benchmark.cpp ===

=== Done ===
  /local/scratch/a/paranjav/biscotti/heir/biscotti-bench/suite-build-artifacts/dot/build/dot_192/dot_192-recursed.mlir
  /local/scratch/a/paranjav/biscotti/heir/biscotti-bench/suite-build-artifacts/dot/build/dot_192/dot_192-openfhe.mlir
  /local/scratch/a/paranjav/biscotti/heir/biscotti-bench/suite-build-artifacts/dot/output/dot_192/kernel.cpp
  /local/scratch/a/paranjav/biscotti/heir/biscotti-bench/suite-build-artifacts/dot/output/dot_192/kernel.h
  /local/scratch/a/paranjav/biscotti/heir/biscotti-bench/suite-build-artifacts/dot/output/dot_192/benchmark.cpp
  /local/scratch/a/paranjav/biscotti/heir/biscotti-bench/suite-build-artifacts/dot/build/dot_192/build.log
  /local/scratch/a/paranjav/biscotti/heir/biscotti-bench/suite-build-artifacts/dot/build/dot_192/compile-timing.txt
