INFO: Invocation ID: e61453fa-6c7a-43f1-8947-f191d76c7a2d
INFO: Streaming build results to: https://heir.buildbuddy.io/invocation/e61453fa-6c7a-43f1-8947-f191d76c7a2d
Computing main repo mapping:
Loading:
Loading: 0 packages loaded
Analyzing: 2 targets (0 packages loaded, 0 targets configured)
Analyzing: 2 targets (0 packages loaded, 0 targets configured)

INFO: Analyzed 2 targets (0 packages loaded, 0 targets configured).
INFO: Found 2 targets...
INFO: Elapsed time: 1.038s, Critical Path: 0.03s
INFO: 95 processes: 6894 action cache hit, 95 internal.
INFO: Build completed successfully, 95 total actions
INFO:
INFO: Streaming build results to: https://heir.buildbuddy.io/invocation/e61453fa-6c7a-43f1-8947-f191d76c7a2d
=== HEIR pipeline ===
  suite:       mm
  kernel:      mm8x8
  input:       /local/scratch/a/paranjav/biscotti/heir/biscotti-bench/benchmarks/mm/src/mm8x8.mlir
  build dir:   /local/scratch/a/paranjav/biscotti/heir/biscotti-bench/suite-build-artifacts/mm/build/mm8x8
  output dir:  /local/scratch/a/paranjav/biscotti/heir/biscotti-bench/suite-build-artifacts/mm/output/mm8x8
  heir root:   /local/scratch/a/paranjav/biscotti/heir
  coyote:      /local/scratch/a/paranjav/biscotti/heir/lib/Transforms/CoyoteVectorizer/coyote  (biscotti)
  ct_degree:   auto-detect (from post-recursed MLIR)
  recursive-call-vectorization: node-size-threshold=100

  log:         /local/scratch/a/paranjav/biscotti/heir/biscotti-bench/suite-build-artifacts/mm/build/mm8x8/build.log
  timing:      /local/scratch/a/paranjav/biscotti/heir/biscotti-bench/suite-build-artifacts/mm/build/mm8x8/compile-timing.txt

=== Step 0: heir-opt --recursive-call-vectorization + strip scaffold ===
=== Step 0b: strip biscotti scaffold ===
=== Auto-detected ciphertext-degree=2048 from mm8x8-recursed.mlir ===
=== Step 1: heir-opt (--mlir-to-bfv, --scheme-to-openfhe) ===
=== Step 2: heir-translate --emit-openfhe-pke → kernel.cpp ===
=== Step 3: heir-translate --emit-openfhe-pke-header → kernel.h ===
=== Step 4: heir-translate --emit-openfhe-pke-harness → benchmark.cpp ===

=== Done ===
  /local/scratch/a/paranjav/biscotti/heir/biscotti-bench/suite-build-artifacts/mm/build/mm8x8/mm8x8-recursed.mlir
  /local/scratch/a/paranjav/biscotti/heir/biscotti-bench/suite-build-artifacts/mm/build/mm8x8/mm8x8-openfhe.mlir
  /local/scratch/a/paranjav/biscotti/heir/biscotti-bench/suite-build-artifacts/mm/output/mm8x8/kernel.cpp
  /local/scratch/a/paranjav/biscotti/heir/biscotti-bench/suite-build-artifacts/mm/output/mm8x8/kernel.h
  /local/scratch/a/paranjav/biscotti/heir/biscotti-bench/suite-build-artifacts/mm/output/mm8x8/benchmark.cpp
  /local/scratch/a/paranjav/biscotti/heir/biscotti-bench/suite-build-artifacts/mm/build/mm8x8/build.log
  /local/scratch/a/paranjav/biscotti/heir/biscotti-bench/suite-build-artifacts/mm/build/mm8x8/compile-timing.txt
